Archive member included to satisfy reference by file (symbol)

D:/05_Desarrollo_y_Codigo/03_Recursos_y_Config/CubeIDESTM32/STM32CubeIDE_1.19.0/STM32CubeIDE/plugins/com.st.stm32cube.ide.mcu.externaltools.gnu-tools-for-stm32.13.3.rel1.win32_1.0.0.202411081344/tools/bin/../lib/gcc/arm-none-eabi/13.3.1/../../../../arm-none-eabi/lib/thumb/v7e-m+fp/hard\libc_nano.a(libc_a-exit.o)
                              D:/05_Desarrollo_y_Codigo/03_Recursos_y_Config/CubeIDESTM32/STM32CubeIDE_1.19.0/STM32CubeIDE/plugins/com.st.stm32cube.ide.mcu.externaltools.gnu-tools-for-stm32.13.3.rel1.win32_1.0.0.202411081344/tools/bin/../lib/gcc/arm-none-eabi/13.3.1/../../../../arm-none-eabi/lib/thumb/v7e-m+fp/hard/crt0.o (exit)
D:/05_Desarrollo_y_Codigo/03_Recursos_y_Config/CubeIDESTM32/STM32CubeIDE_1.19.0/STM32CubeIDE/plugins/com.st.stm32cube.ide.mcu.externaltools.gnu-tools-for-stm32.13.3.rel1.win32_1.0.0.202411081344/tools/bin/../lib/gcc/arm-none-eabi/13.3.1/../../../../arm-none-eabi/lib/thumb/v7e-m+fp/hard\libc_nano.a(libc_a-findfp.o)
                              D:/05_Desarrollo_y_Codigo/03_Recursos_y_Config/CubeIDESTM32/STM32CubeIDE_1.19.0/STM32CubeIDE/plugins/com.st.stm32cube.ide.mcu.externaltools.gnu-tools-for-stm32.13.3.rel1.win32_1.0.0.202411081344/tools/bin/../lib/gcc/arm-none-eabi/13.3.1/../../../../arm-none-eabi/lib/thumb/v7e-m+fp/hard\libc_nano.a(libc_a-exit.o) (__stdio_exit_handler)
D:/05_Desarrollo_y_Codigo/03_Recursos_y_Config/CubeIDESTM32/STM32CubeIDE_1.19.0/STM32CubeIDE/plugins/com.st.stm32cube.ide.mcu.externaltools.gnu-tools-for-stm32.13.3.rel1.win32_1.0.0.202411081344/tools/bin/../lib/gcc/arm-none-eabi/13.3.1/../../../../arm-none-eabi/lib/thumb/v7e-m+fp/hard\libc_nano.a(libc_a-fwalk.o)
                              D:/05_Desarrollo_y_Codigo/03_Recursos_y_Config/CubeIDESTM32/STM32CubeIDE_1.19.0/STM32CubeIDE/plugins/com.st.stm32cube.ide.mcu.externaltools.gnu-tools-for-stm32.13.3.rel1.win32_1.0.0.202411081344/tools/bin/../lib/gcc/arm-none-eabi/13.3.1/../../../../arm-none-eabi/lib/thumb/v7e-m+fp/hard\libc_nano.a(libc_a-findfp.o) (_fwalk_sglue)
D:/05_Desarrollo_y_Codigo/03_Recursos_y_Config/CubeIDESTM32/STM32CubeIDE_1.19.0/STM32CubeIDE/plugins/com.st.stm32cube.ide.mcu.externaltools.gnu-tools-for-stm32.13.3.rel1.win32_1.0.0.202411081344/tools/bin/../lib/gcc/arm-none-eabi/13.3.1/../../../../arm-none-eabi/lib/thumb/v7e-m+fp/hard\libc_nano.a(libc_a-stdio.o)
                              D:/05_Desarrollo_y_Codigo/03_Recursos_y_Config/CubeIDESTM32/STM32CubeIDE_1.19.0/STM32CubeIDE/plugins/com.st.stm32cube.ide.mcu.externaltools.gnu-tools-for-stm32.13.3.rel1.win32_1.0.0.202411081344/tools/bin/../lib/gcc/arm-none-eabi/13.3.1/../../../../arm-none-eabi/lib/thumb/v7e-m+fp/hard\libc_nano.a(libc_a-findfp.o) (__sread)
D:/05_Desarrollo_y_Codigo/03_Recursos_y_Config/CubeIDESTM32/STM32CubeIDE_1.19.0/STM32CubeIDE/plugins/com.st.stm32cube.ide.mcu.externaltools.gnu-tools-for-stm32.13.3.rel1.win32_1.0.0.202411081344/tools/bin/../lib/gcc/arm-none-eabi/13.3.1/../../../../arm-none-eabi/lib/thumb/v7e-m+fp/hard\libc_nano.a(libc_a-memset.o)
                              D:/05_Desarrollo_y_Codigo/03_Recursos_y_Config/CubeIDESTM32/STM32CubeIDE_1.19.0/STM32CubeIDE/plugins/com.st.stm32cube.ide.mcu.externaltools.gnu-tools-for-stm32.13.3.rel1.win32_1.0.0.202411081344/tools/bin/../lib/gcc/arm-none-eabi/13.3.1/../../../../arm-none-eabi/lib/thumb/v7e-m+fp/hard/crt0.o (memset)
D:/05_Desarrollo_y_Codigo/03_Recursos_y_Config/CubeIDESTM32/STM32CubeIDE_1.19.0/STM32CubeIDE/plugins/com.st.stm32cube.ide.mcu.externaltools.gnu-tools-for-stm32.13.3.rel1.win32_1.0.0.202411081344/tools/bin/../lib/gcc/arm-none-eabi/13.3.1/../../../../arm-none-eabi/lib/thumb/v7e-m+fp/hard\libc_nano.a(libc_a-closer.o)
                              D:/05_Desarrollo_y_Codigo/03_Recursos_y_Config/CubeIDESTM32/STM32CubeIDE_1.19.0/STM32CubeIDE/plugins/com.st.stm32cube.ide.mcu.externaltools.gnu-tools-for-stm32.13.3.rel1.win32_1.0.0.202411081344/tools/bin/../lib/gcc/arm-none-eabi/13.3.1/../../../../arm-none-eabi/lib/thumb/v7e-m+fp/hard\libc_nano.a(libc_a-stdio.o) (_close_r)
D:/05_Desarrollo_y_Codigo/03_Recursos_y_Config/CubeIDESTM32/STM32CubeIDE_1.19.0/STM32CubeIDE/plugins/com.st.stm32cube.ide.mcu.externaltools.gnu-tools-for-stm32.13.3.rel1.win32_1.0.0.202411081344/tools/bin/../lib/gcc/arm-none-eabi/13.3.1/../../../../arm-none-eabi/lib/thumb/v7e-m+fp/hard\libc_nano.a(libc_a-reent.o)
                              D:/05_Desarrollo_y_Codigo/03_Recursos_y_Config/CubeIDESTM32/STM32CubeIDE_1.19.0/STM32CubeIDE/plugins/com.st.stm32cube.ide.mcu.externaltools.gnu-tools-for-stm32.13.3.rel1.win32_1.0.0.202411081344/tools/bin/../lib/gcc/arm-none-eabi/13.3.1/../../../../arm-none-eabi/lib/thumb/v7e-m+fp/hard\libc_nano.a(libc_a-closer.o) (errno)
[...]
Memory Configuration

Name             Origin             Length             Attributes
RAM              0x20000000         0x00018000         xrw
RAM2             0x10000000         0x00008000         xrw
FLASH            0x08000000         0x00100000         xr
*default*        0x00000000         0xffffffff

Linker script and memory map

LOAD D:/05_Desarrollo_y_Codigo/03_Recursos_y_Config/CubeIDESTM32/STM32CubeIDE_1.19.0/STM32CubeIDE/plugins/com.st.stm32cube.ide.mcu.externaltools.gnu-tools-for-stm32.13.3.rel1.win32_1.0.0.202411081344/tools/bin/../lib/gcc/arm-none-eabi/13.3.1/thumb/v7e-m+fp/hard/crti.o
LOAD D:/05_Desarrollo_y_Codigo/03_Recursos_y_Config/CubeIDESTM32/STM32CubeIDE_1.19.0/STM32CubeIDE/plugins/com.st.stm32cube.ide.mcu.externaltools.gnu-tools-for-stm32.13.3.rel1.win32_1.0.0.202411081344/tools/bin/../lib/gcc/arm-none-eabi/13.3.1/thumb/v7e-m+fp/hard/crtbegin.o
LOAD D:/05_Desarrollo_y_Codigo/03_Recursos_y_Config/CubeIDESTM32/STM32CubeIDE_1.19.0/STM32CubeIDE/plugins/com.st.stm32cube.ide.mcu.externaltools.gnu-tools-for-stm32.13.3.rel1.win32_1.0.0.202411081344/tools/bin/../lib/gcc/arm-none-eabi/13.3.1/../../../../arm-none-eabi/lib/thumb/v7e-m+fp/hard/crt0.o
LOAD ./Core/Src/TRSensors.o
LOAD ./Core/Src/gpio.o
LOAD ./Core/Src/i2c.o
LOAD ./Core/Src/line_follower.o
LOAD ./Core/Src/main.o
LOAD ./Core/Src/motor.o
LOAD ./Core/Src/pcf8574.o
LOAD ./Core/Src/spi.o
LOAD ./Core/Src/stm32l4xx_hal_msp.o
LOAD ./Core/Src/stm32l4xx_it.o
LOAD ./Core/Src/syscalls.o
LOAD ./Core/Src/sysmem.o
LOAD ./Core/Src/system_stm32l4xx.o
LOAD ./Core/Src/tim.o
LOAD ./Core/Src/ultrasonic.o
LOAD ./Core/Src/usart.o
LOAD ./Core/Startup/startup_stm32l476rgtx.o
LOAD ./Drivers/STM32L4xx_HAL_Driver/Src/stm32l4xx_hal.o
LOAD ./Drivers/STM32L4xx_HAL_Driver/Src/stm32l4xx_hal_cortex.o
LOAD ./Drivers/STM32L4xx_HAL_Driver/Src/stm32l4xx_hal_dma.o
LOAD ./Drivers/STM32L4xx_HAL_Driver/Src/stm32l4xx_hal_dma_ex.o
LOAD ./Drivers/STM32L4xx_HAL_Driver/Src/stm32l4xx_hal_exti.o
LOAD ./Drivers/STM32L4xx_HAL_Driver/Src/stm32l4xx_hal_flash.o
LOAD ./Drivers/STM32L4xx_HAL_Driver/Src/stm32l4xx_hal_flash_ex.o
LOAD ./Drivers/STM32L4xx_HAL_Driver/Src/stm32l4xx_hal_flash_ramfunc.o
LOAD ./Drivers/STM32L4xx_HAL_Driver/Src/stm32l4xx_hal_gpio.o
LOAD ./Drivers/STM32L4xx_HAL_Driver/Src/stm32l4xx_hal_i2c.o
LOAD ./Drivers/STM32L4xx_HAL_Driver/Src/stm32l4xx_hal_i2c_ex.o
LOAD ./Drivers/STM32L4xx_HAL_Driver/Src/stm32l4xx_hal_pwr.o
LOAD ./Drivers/STM32L4xx_HAL_Driver/Src/stm32l4xx_hal_pwr_ex.o
LOAD ./Drivers/STM32L4xx_HAL_Driver/Src/stm32l4xx_hal_rcc.o
LOAD ./Drivers/STM32L4xx_HAL_Driver/Src/stm32l4xx_hal_rcc_ex.o
LOAD ./Drivers/STM32L4xx_HAL_Driver/Src/stm32l4xx_hal_spi.o
LOAD ./Drivers/STM32L4xx_HAL_Driver/Src/stm32l4xx_hal_spi_ex.o
LOAD ./Drivers/STM32L4xx_HAL_Driver/Src/stm32l4xx_hal_tim.o
LOAD ./Drivers/STM32L4xx_HAL_Driver/Src/stm32l4xx_hal_tim_ex.o
LOAD ./Drivers/STM32L4xx_HAL_Driver/Src/stm32l4xx_hal_uart.o
LOAD ./Drivers/STM32L4xx_HAL_Driver/Src/stm32l4xx_hal_uart_ex.o
START GROUP
LOAD D:/05_Desarrollo_y_Codigo/03_Recursos_y_Config/CubeIDESTM32/STM32CubeIDE_1.19.0/STM32CubeIDE/plugins/com.st.stm32cube.ide.mcu.externaltools.gnu-tools-for-stm32.13.3.rel1.win32_1.0.0.202411081344/tools/bin/../lib/gcc/arm-none-eabi/13.3.1/../../../../arm-none-eabi/lib/thumb/v7e-m+fp/hard\libc_nano.a
LOAD D:/05_Desarrollo_y_Codigo/03_Recursos_y_Config/CubeIDESTM32/STM32CubeIDE_1.19.0/STM32CubeIDE/plugins/com.st.stm32cube.ide.mcu.externaltools.gnu-tools-for-stm32.13.3.rel1.win32_1.0.0.202411081344/tools/bin/../lib/gcc/arm-none-eabi/13.3.1/../../../../arm-none-eabi/lib/thumb/v7e-m+fp/hard\libm.a
END GROUP
START GROUP
LOAD D:/05_Desarrollo_y_Codigo/03_Recursos_y_Config/CubeIDESTM32/STM32CubeIDE_1.19.0/STM32CubeIDE/plugins/com.st.stm32cube.ide.mcu.externaltools.gnu-tools-for-stm32.13.3.rel1.win32_1.0.0.202411081344/tools/bin/../lib/gcc/arm-none-eabi/13.3.1/thumb/v7e-m+fp/hard\libgcc.a
LOAD D:/05_Desarrollo_y_Codigo/03_Recursos_y_Config/CubeIDESTM32/STM32CubeIDE_1.19.0/STM32CubeIDE/plugins/com.st.stm32cube.ide.mcu.externaltools.gnu-tools-for-stm32.13.3.rel1.win32_1.0.0.202411081344/tools/bin/../lib/gcc/arm-none-eabi/13.3.1/../../../../arm-none-eabi/lib/thumb/v7e-m+fp/hard\libc_nano.a
END GROUP
START GROUP
LOAD D:/05_Desarrollo_y_Codigo/03_Recursos_y_Config/CubeIDESTM32/STM32CubeIDE_1.19.0/STM32CubeIDE/plugins/com.st.stm32cube.ide.mcu.externaltools.gnu-tools-for-stm32.13.3.rel1.win32_1.0.0.202411081344/tools/bin/../lib/gcc/arm-none-eabi/13.3.1/thumb/v7e-m+fp/hard\libgcc.a
LOAD D:/05_Desarrollo_y_Codigo/03_Recursos_y_Config/CubeIDESTM32/STM32CubeIDE_1.19.0/STM32CubeIDE/plugins/com.st.stm32cube.ide.mcu.externaltools.gnu-tools-for-stm32.13.3.rel1.win32_1.0.0.202411081344/tools/bin/../lib/gcc/arm-none-eabi/13.3.1/../../../../arm-none-eabi/lib/thumb/v7e-m+fp/hard\libc_nano.a
LOAD D:/05_Desarrollo_y_Codigo/03_Recursos_y_Config/CubeIDESTM32/STM32CubeIDE_1.19.0/STM32CubeIDE/plugins/com.st.stm32cube.ide.mcu.externaltools.gnu-tools-for-stm32.13.3.rel1.win32_1.0.0.202411081344/tools/bin/../lib/gcc/arm-none-eabi/13.3.1/../../../../arm-none-eabi/lib/thumb/v7e-m+fp/hard\libnosys.a
END GROUP
START GROUP
LOAD D:/05_Desarrollo_y_Codigo/03_Recursos_y_Config/CubeIDESTM32/STM32CubeIDE_1.19.0/STM32CubeIDE/plugins/com.st.stm32cube.ide.mcu.externaltools.gnu-tools-for-stm32.13.3.rel1.win32_1.0.0.202411081344/tools/bin/../lib/gcc/arm-none-eabi/13.3.1/thumb/v7e-m+fp/hard\libgcc.a
LOAD D:/05_Desarrollo_y_Codigo/03_Recursos_y_Config/CubeIDESTM32/STM32CubeIDE_1.19.0/STM32CubeIDE/plugins/com.st.stm32cube.ide.mcu.externaltools.gnu-tools-for-stm32.13.3.rel1.win32_1.0.0.202411081344/tools/bin/../lib/gcc/arm-none-eabi/13.3.1/../../../../arm-none-eabi/lib/thumb/v7e-m+fp/hard\libc_nano.a
LOAD D:/05_Desarrollo_y_Codigo/03_Recursos_y_Config/CubeIDESTM32/STM32CubeIDE_1.19.0/STM32CubeIDE/plugins/com.st.stm32cube.ide.mcu.externaltools.gnu-tools-for-stm32.13.3.rel1.win32_1.0.0.202411081344/tools/bin/../lib/gcc/arm-none-eabi/13.3.1/../../../../arm-none-eabi/lib/thumb/v7e-m+fp/hard\libnosys.a
END GROUP
LOAD D:/05_Desarrollo_y_Codigo/03_Recursos_y_Config/CubeIDESTM32/STM32CubeIDE_1.19.0/STM32CubeIDE/plugins/com.st.stm32cube.ide.mcu.externaltools.gnu-tools-for-stm32.13.3.rel1.win32_1.0.0.202411081344/tools/bin/../lib/gcc/arm-none-eabi/13.3.1/thumb/v7e-m+fp/hard/crtend.o
LOAD D:/05_Desarrollo_y_Codigo/03_Recursos_y_Config/CubeIDESTM32/STM32CubeIDE_1.19.0/STM32CubeIDE/plugins/com.st.stm32cube.ide.mcu.externaltools.gnu-tools-for-stm32.13.3.rel1.win32_1.0.0.202411081344/tools/bin/../lib/gcc/arm-none-eabi/13.3.1/thumb/v7e-m+fp/hard/crtn.o
                0x20018000                        _estack = (ORIGIN (RAM) + LENGTH (RAM))
                0x00000200                        _Min_Heap_Size = 0x200
                0x00000400                        _Min_Stack_Size = 0x400

.isr_vector     0x08000000      0x188
                0x08000000                        . = ALIGN (0x4)
 *(.isr_vector)
 .isr_vector    0x08000000      0x188 ./Core/Startup/startup_stm32l476rgtx.o
                0x08000000                g_pfnVectors
                0x08000188                        . = ALIGN (0x4)

.text           0x08000188     0x5fb4
                0x08000188                        . = ALIGN (0x4)
 *(.text)
 .text          0x08000188       0x40 D:/05_Desarrollo_y_Codigo/03_Recursos_y_Config/CubeIDESTM32/STM32CubeIDE_1.19.0/STM32CubeIDE/plugins/com.st.stm32cube.ide.mcu.externaltools.gnu-tools-for-stm32.13.3.rel1.win32_1.0.0.202411081344/tools/bin/../lib/gcc/arm-none-eabi/13.3.1/thumb/v7e-m+fp/hard/crtbegin.o
 .text          0x080001c8       0x30 D:/05_Desarrollo_y_Codigo/03_Recursos_y_Config/CubeIDESTM32/STM32CubeIDE_1.19.0/STM32CubeIDE/plugins/com.st.stm32cube.ide.mcu.externaltools.gnu-tools-for-stm32.13.3.rel1.win32_1.0.0.202411081344/tools/bin/../lib/gcc/arm-none-eabi/13.3.1/thumb/v7e-m+fp/hard\libgcc.a(_aeabi_uldivmod.o)
                0x080001c8                __aeabi_uldivmod
 .text          0x080001f8      0x2f8 D:/05_Desarrollo_y_Codigo/03_Recursos_y_Config/CubeIDESTM32/STM32CubeIDE_1.19.0/STM32CubeIDE/plugins/com.st.stm32cube.ide.mcu.externaltools.gnu-tools-for-stm32.13.3.rel1.win32_1.0.0.202411081344/tools/bin/../lib/gcc/arm-none-eabi/13.3.1/thumb/v7e-m+fp/hard\libgcc.a(_udivmoddi4.o)
                0x080001f8                __udivmoddi4
 .text          0x080004f0        0x4 D:/05_Desarrollo_y_Codigo/03_Recursos_y_Config/CubeIDESTM32/STM32CubeIDE_1.19.0/STM32CubeIDE/plugins/com.st.stm32cube.ide.mcu.externaltools.gnu-tools-for-stm32.13.3.rel1.win32_1.0.0.202411081344/tools/bin/../lib/gcc/arm-none-eabi/13.3.1/thumb/v7e-m+fp/hard\libgcc.a(_dvmd_tls.o)
                0x080004f0                __aeabi_idiv0
                0x080004f0                __aeabi_ldiv0
 *(.text*)
 .text.TR_Sensors_Init
                0x080004f4       0x18 ./Core/Src/TRSensors.o
                0x080004f4                TR_Sensors_Init
 .text.TR_TLC2543_ReadChannel
                0x0800050c       0x70 ./Core/Src/TRSensors.o
                0x0800050c                TR_TLC2543_ReadChannel
 .text.TR_Update_Sensors
                0x0800057c       0x5e ./Core/Src/TRSensors.o
                0x0800057c                TR_Update_Sensors
 *fill*         0x080005da        0x2 
 .text.MX_GPIO_Init
                0x080005dc      0x148 ./Core/Src/gpio.o
                0x080005dc                MX_GPIO_Init
 .text.MX_I2C1_Init
                0x08000724       0x80 ./Core/Src/i2c.o
                0x08000724                MX_I2C1_Init
 .text.HAL_I2C_MspInit
                0x080007a4       0xbc ./Core/Src/i2c.o
                0x080007a4                HAL_I2C_MspInit
 .text.LineFollower_Init
                0x08000860       0x24 ./Core/Src/line_follower.o
                0x08000860                LineFollower_Init
 .text.LineControl_PD
                0x08000884      0x194 ./Core/Src/line_follower.o
                0x08000884                LineControl_PD
 .text.LineFollower_Update
                0x08000a18      0x310 ./Core/Src/line_follower.o
                0x08000a18                LineFollower_Update
 .text.main     0x08000d28       0x4c ./Core/Src/main.o
                0x08000d28                main
 .text.SystemClock_Config
                0x08000d74       0xa2 ./Core/Src/main.o
                0x08000d74                SystemClock_Config
 .text.Error_Handler
                0x08000e16        0xc ./Core/Src/main.o
                0x08000e16                Error_Handler
 *fill*         0x08000e22        0x2 
 .text.Motor_Init
                0x08000e24       0x20 ./Core/Src/motor.o
                0x08000e24                Motor_Init
 .text.Moteur_Set
                0x08000e44       0xc4 ./Core/Src/motor.o
                0x08000e44                Moteur_Set
 .text.PCF8574_Init
                0x08000f08       0x40 ./Core/Src/pcf8574.o
                0x08000f08                PCF8574_Init
 .text.PCF8574_ReadPort
                0x08000f48       0x2a ./Core/Src/pcf8574.o
                0x08000f48                PCF8574_ReadPort
 .text.PCF8574_ReadPin
                0x08000f72       0x3c ./Core/Src/pcf8574.o
                0x08000f72                PCF8574_ReadPin
 .text.PCF8574_ReadDSR
                0x08000fae       0x1a ./Core/Src/pcf8574.o
                0x08000fae                PCF8574_ReadDSR
 .text.PCF8574_ReadDSL
                0x08000fc8       0x1a ./Core/Src/pcf8574.o
                0x08000fc8                PCF8574_ReadDSL
 *fill*         0x08000fe2        0x2 
 .text.MX_SPI1_Init
                0x08000fe4       0x7c ./Core/Src/spi.o
                0x08000fe4                MX_SPI1_Init
 .text.HAL_SPI_MspInit
                0x08001060       0x84 ./Core/Src/spi.o
                0x08001060                HAL_SPI_MspInit
 .text.HAL_MspInit
                0x080010e4       0x48 ./Core/Src/stm32l4xx_hal_msp.o
                0x080010e4                HAL_MspInit
 .text.NMI_Handler
                0x0800112c        0x8 ./Core/Src/stm32l4xx_it.o
                0x0800112c                NMI_Handler
 .text.HardFault_Handler
                0x08001134        0x8 ./Core/Src/stm32l4xx_it.o
                0x08001134                HardFault_Handler
 .text.MemManage_Handler
                0x0800113c        0x8 ./Core/Src/stm32l4xx_it.o
                0x0800113c                MemManage_Handler
 .text.BusFault_Handler
                0x08001144        0x8 ./Core/Src/stm32l4xx_it.o
                0x08001144                BusFault_Handler
 .text.UsageFault_Handler
                0x0800114c        0x8 ./Core/Src/stm32l4xx_it.o
                0x0800114c                UsageFault_Handler
 .text.SVC_Handler
                0x08001154        0xe ./Core/Src/stm32l4xx_it.o
                0x08001154                SVC_Handler
 .text.DebugMon_Handler
                0x08001162        0xe ./Core/Src/stm32l4xx_it.o
                0x08001162                DebugMon_Handler
 .text.PendSV_Handler
                0x08001170        0xe ./Core/Src/stm32l4xx_it.o
                0x08001170                PendSV_Handler
 .text.SysTick_Handler
                0x0800117e        0xc ./Core/Src/stm32l4xx_it.o
                0x0800117e                SysTick_Handler
 *fill*         0x0800118a        0x2 
 .text.SystemInit
                0x0800118c       0x24 ./Core/Src/system_stm32l4xx.o
                0x0800118c                SystemInit
 .text.MX_TIM2_Init
                0x080011b0       0xb4 ./Core/Src/tim.o
                0x080011b0                MX_TIM2_Init
 .text.MX_TIM3_Init
                0x08001264       0xb4 ./Core/Src/tim.o
                0x08001264                MX_TIM3_Init
 .text.HAL_TIM_PWM_MspInit
                0x08001318       0x64 ./Core/Src/tim.o
                0x08001318                HAL_TIM_PWM_MspInit
 .text.HAL_TIM_MspPostInit
                0x0800137c       0xb4 ./Core/Src/tim.o
                0x0800137c                HAL_TIM_MspPostInit
 .text.delay_us
                0x08001430       0x48 ./Core/Src/ultrasonic.o
 .text.Ultrasonic_Init
                0x08001478       0x4c ./Core/Src/ultrasonic.o
                0x08001478                Ultrasonic_Init
 .text.Ultrasonic_Read
                0x080014c4      0x118 ./Core/Src/ultrasonic.o
                0x080014c4                Ultrasonic_Read
 .text.MX_USART2_UART_Init
                0x080015dc       0x60 ./Core/Src/usart.o
                0x080015dc                MX_USART2_UART_Init
 .text.MX_USART3_UART_Init
                0x0800163c       0x60 ./Core/Src/usart.o
                0x0800163c                MX_USART3_UART_Init
 .text.HAL_UART_MspInit
                0x0800169c      0x144 ./Core/Src/usart.o
                0x0800169c                HAL_UART_MspInit
 .text.Reset_Handler
                0x080017e0       0x50 ./Core/Startup/startup_stm32l476rgtx.o
                0x080017e0                Reset_Handler
 .text.Default_Handler
                0x08001830        0x2 ./Core/Startup/startup_stm32l476rgtx.o
                0x08001830                RTC_Alarm_IRQHandler
                0x08001830                EXTI2_IRQHandler
                0x08001830                TIM8_TRG_COM_IRQHandler
                0x08001830                TIM8_CC_IRQHandler
                0x08001830                TIM1_CC_IRQHandler
                0x08001830                TSC_IRQHandler
                0x08001830                TAMP_STAMP_IRQHandler
                0x08001830                EXTI3_IRQHandler
                0x08001830                LPTIM2_IRQHandler
                0x08001830                DFSDM1_FLT1_IRQHandler
                0x08001830                I2C3_ER_IRQHandler
                0x08001830                DFSDM1_FLT2_IRQHandler
                0x08001830                EXTI0_IRQHandler
                0x08001830                I2C2_EV_IRQHandler
                0x08001830                CAN1_RX0_IRQHandler
                0x08001830                FPU_IRQHandler
                0x08001830                TIM1_UP_TIM16_IRQHandler
                0x08001830                ADC1_2_IRQHandler
                0x08001830                SPI1_IRQHandler
                0x08001830                TIM6_DAC_IRQHandler
                0x08001830                TIM8_UP_IRQHandler
                0x08001830                DMA2_Channel2_IRQHandler
                0x08001830                DMA1_Channel4_IRQHandler
                0x08001830                SAI2_IRQHandler
                0x08001830                DFSDM1_FLT3_IRQHandler
                0x08001830                USART3_IRQHandler
                0x08001830                DMA1_Channel7_IRQHandler
                0x08001830                CAN1_RX1_IRQHandler
                0x08001830                LCD_IRQHandler
                0x08001830                UART5_IRQHandler
                0x08001830                ADC3_IRQHandler
                0x08001830                TIM4_IRQHandler
                0x08001830                DMA2_Channel1_IRQHandler
                0x08001830                QUADSPI_IRQHandler
                0x08001830                I2C1_EV_IRQHandler
                0x08001830                DMA1_Channel6_IRQHandler
                0x08001830                UART4_IRQHandler
                0x08001830                DMA2_Channel4_IRQHandler
                0x08001830                TIM3_IRQHandler
                0x08001830                RCC_IRQHandler
                0x08001830                DMA1_Channel1_IRQHandler
                0x08001830                Default_Handler
                0x08001830                DMA2_Channel7_IRQHandler
                0x08001830                EXTI15_10_IRQHandler
                0x08001830                TIM7_IRQHandler
                0x08001830                SDMMC1_IRQHandler
                0x08001830                TIM5_IRQHandler
                0x08001830                I2C3_EV_IRQHandler
                0x08001830                EXTI9_5_IRQHandler
                0x08001830                RTC_WKUP_IRQHandler
                0x08001830                PVD_PVM_IRQHandler
                0x08001830                SPI2_IRQHandler
                0x08001830                CAN1_TX_IRQHandler
                0x08001830                DMA2_Channel5_IRQHandler
                0x08001830                DMA1_Channel5_IRQHandler
                0x08001830                EXTI4_IRQHandler
                0x08001830                RNG_IRQHandler
                0x08001830                TIM1_TRG_COM_TIM17_IRQHandler
                0x08001830                DMA1_Channel3_IRQHandler
                0x08001830                COMP_IRQHandler
                0x08001830                WWDG_IRQHandler
                0x08001830                LPUART1_IRQHandler
                0x08001830                DMA2_Channel6_IRQHandler
                0x08001830                TIM2_IRQHandler
                0x08001830                EXTI1_IRQHandler
                0x08001830                USART2_IRQHandler
                0x08001830                DFSDM1_FLT0_IRQHandler
                0x08001830                I2C2_ER_IRQHandler
                0x08001830                DMA1_Channel2_IRQHandler
                0x08001830                TIM8_BRK_IRQHandler
                0x08001830                CAN1_SCE_IRQHandler
                0x08001830                FLASH_IRQHandler
                0x08001830                USART1_IRQHandler
                0x08001830                OTG_FS_IRQHandler
                0x08001830                SPI3_IRQHandler
                0x08001830                I2C1_ER_IRQHandler
                0x08001830                FMC_IRQHandler
                0x08001830                SWPMI1_IRQHandler
                0x08001830                LPTIM1_IRQHandler
                0x08001830                SAI1_IRQHandler
                0x08001830                DMA2_Channel3_IRQHandler
                0x08001830                TIM1_BRK_TIM15_IRQHandler
 *fill*         0x08001832        0x2 
 .text.HAL_Init
                0x08001834       0x40 ./Drivers/STM32L4xx_HAL_Driver/Src/stm32l4xx_hal.o
                0x08001834                HAL_Init
 .text.HAL_InitTick
                0x08001874       0x78 ./Drivers/STM32L4xx_HAL_Driver/Src/stm32l4xx_hal.o
                0x08001874                HAL_InitTick
 .text.HAL_IncTick
                0x080018ec       0x28 ./Drivers/STM32L4xx_HAL_Driver/Src/stm32l4xx_hal.o
                0x080018ec                HAL_IncTick
 .text.HAL_GetTick
                0x08001914       0x18 ./Drivers/STM32L4xx_HAL_Driver/Src/stm32l4xx_hal.o
                0x08001914                HAL_GetTick
 .text.HAL_Delay
                0x0800192c       0x48 ./Drivers/STM32L4xx_HAL_Driver/Src/stm32l4xx_hal.o
                0x0800192c                HAL_Delay
 .text.__NVIC_SetPriorityGrouping
                0x08001974       0x48 ./Drivers/STM32L4xx_HAL_Driver/Src/stm32l4xx_hal_cortex.o
 .text.__NVIC_GetPriorityGrouping
                0x080019bc       0x1c ./Drivers/STM32L4xx_HAL_Driver/Src/stm32l4xx_hal_cortex.o
 .text.__NVIC_SetPriority
                0x080019d8       0x54 ./Drivers/STM32L4xx_HAL_Driver/Src/stm32l4xx_hal_cortex.o
 .text.NVIC_EncodePriority
                0x08001a2c       0x66 ./Drivers/STM32L4xx_HAL_Driver/Src/stm32l4xx_hal_cortex.o
 *fill*         0x08001a92        0x2 
 .text.SysTick_Config
                0x08001a94       0x44 ./Drivers/STM32L4xx_HAL_Driver/Src/stm32l4xx_hal_cortex.o
 .text.HAL_NVIC_SetPriorityGrouping
                0x08001ad8       0x16 ./Drivers/STM32L4xx_HAL_Driver/Src/stm32l4xx_hal_cortex.o
                0x08001ad8                HAL_NVIC_SetPriorityGrouping
 .text.HAL_NVIC_SetPriority
                0x08001aee       0x38 ./Drivers/STM32L4xx_HAL_Driver/Src/stm32l4xx_hal_cortex.o
                0x08001aee                HAL_NVIC_SetPriority
 .text.HAL_SYSTICK_Config
                0x08001b26       0x18 ./Drivers/STM32L4xx_HAL_Driver/Src/stm32l4xx_hal_cortex.o
                0x08001b26                HAL_SYSTICK_Config
 *fill*         0x08001b3e        0x2 
 .text.HAL_GPIO_Init
                0x08001b40      0x354 ./Drivers/STM32L4xx_HAL_Driver/Src/stm32l4xx_hal_gpio.o
                0x08001b40                HAL_GPIO_Init
 .text.HAL_GPIO_ReadPin
                0x08001e94       0x30 ./Drivers/STM32L4xx_HAL_Driver/Src/stm32l4xx_hal_gpio.o
                0x08001e94                HAL_GPIO_ReadPin
 .text.HAL_GPIO_WritePin
                0x08001ec4       0x30 ./Drivers/STM32L4xx_HAL_Driver/Src/stm32l4xx_hal_gpio.o
                0x08001ec4                HAL_GPIO_WritePin
 .text.HAL_I2C_Init
                0x08001ef4      0x136 ./Drivers/STM32L4xx_HAL_Driver/Src/stm32l4xx_hal_i2c.o
                0x08001ef4                HAL_I2C_Init
 *fill*         0x0800202a        0x2 
 .text.HAL_I2C_Master_Transmit
                0x0800202c      0x230 ./Drivers/STM32L4xx_HAL_Driver/Src/stm32l4xx_hal_i2c.o
                0x0800202c                HAL_I2C_Master_Transmit
 .text.HAL_I2C_Master_Receive
                0x0800225c      0x1ec ./Drivers/STM32L4xx_HAL_Driver/Src/stm32l4xx_hal_i2c.o
                0x0800225c                HAL_I2C_Master_Receive
 .text.I2C_Flush_TXDR
                0x08002448       0x48 ./Drivers/STM32L4xx_HAL_Driver/Src/stm32l4xx_hal_i2c.o
 .text.I2C_WaitOnFlagUntilTimeout
                0x08002490       0xb2 ./Drivers/STM32L4xx_HAL_Driver/Src/stm32l4xx_hal_i2c.o
 .text.I2C_WaitOnTXISFlagUntilTimeout
                0x08002542       0x8e ./Drivers/STM32L4xx_HAL_Driver/Src/stm32l4xx_hal_i2c.o
 .text.I2C_WaitOnSTOPFlagUntilTimeout
                0x080025d0       0x86 ./Drivers/STM32L4xx_HAL_Driver/Src/stm32l4xx_hal_i2c.o
 *fill*         0x08002656        0x2 
 .text.I2C_WaitOnRXNEFlagUntilTimeout
                0x08002658      0x118 ./Drivers/STM32L4xx_HAL_Driver/Src/stm32l4xx_hal_i2c.o
 .text.I2C_IsErrorOccurred
                0x08002770      0x1c0 ./Drivers/STM32L4xx_HAL_Driver/Src/stm32l4xx_hal_i2c.o
 .text.I2C_TransferConfig
                0x08002930       0x64 ./Drivers/STM32L4xx_HAL_Driver/Src/stm32l4xx_hal_i2c.o
 .text.HAL_I2CEx_ConfigAnalogFilter
                0x08002994       0x96 ./Drivers/STM32L4xx_HAL_Driver/Src/stm32l4xx_hal_i2c_ex.o
                0x08002994                HAL_I2CEx_ConfigAnalogFilter
 .text.HAL_I2CEx_ConfigDigitalFilter
                0x08002a2a       0x98 ./Drivers/STM32L4xx_HAL_Driver/Src/stm32l4xx_hal_i2c_ex.o
                0x08002a2a                HAL_I2CEx_ConfigDigitalFilter
 *fill*         0x08002ac2        0x2 
 .text.HAL_PWREx_GetVoltageRange
                0x08002ac4       0x1c ./Drivers/STM32L4xx_HAL_Driver/Src/stm32l4xx_hal_pwr_ex.o
                0x08002ac4                HAL_PWREx_GetVoltageRange
 .text.HAL_PWREx_ControlVoltageScaling
                0x08002ae0       0xac ./Drivers/STM32L4xx_HAL_Driver/Src/stm32l4xx_hal_pwr_ex.o
                0x08002ae0                HAL_PWREx_ControlVoltageScaling
 .text.HAL_RCC_OscConfig
                0x08002b8c      0x7b8 ./Drivers/STM32L4xx_HAL_Driver/Src/stm32l4xx_hal_rcc.o
                0x08002b8c                HAL_RCC_OscConfig
 .text.HAL_RCC_ClockConfig
                0x08003344      0x200 ./Drivers/STM32L4xx_HAL_Driver/Src/stm32l4xx_hal_rcc.o
                0x08003344                HAL_RCC_ClockConfig
 .text.HAL_RCC_GetSysClockFreq
                0x08003544      0x118 ./Drivers/STM32L4xx_HAL_Driver/Src/stm32l4xx_hal_rcc.o
                0x08003544                HAL_RCC_GetSysClockFreq
 .text.HAL_RCC_GetHCLKFreq
                0x0800365c       0x18 ./Drivers/STM32L4xx_HAL_Driver/Src/stm32l4xx_hal_rcc.o
                0x0800365c                HAL_RCC_GetHCLKFreq
 .text.HAL_RCC_GetPCLK1Freq
                0x08003674       0x2c ./Drivers/STM32L4xx_HAL_Driver/Src/stm32l4xx_hal_rcc.o
                0x08003674                HAL_RCC_GetPCLK1Freq
 .text.HAL_RCC_GetPCLK2Freq
                0x080036a0       0x2c ./Drivers/STM32L4xx_HAL_Driver/Src/stm32l4xx_hal_rcc.o
                0x080036a0                HAL_RCC_GetPCLK2Freq
 .text.RCC_SetFlashLatencyFromMSIRange
                0x080036cc       0xc0 ./Drivers/STM32L4xx_HAL_Driver/Src/stm32l4xx_hal_rcc.o
 .text.HAL_RCCEx_PeriphCLKConfig
                0x0800378c      0x5d4 ./Drivers/STM32L4xx_HAL_Driver/Src/stm32l4xx_hal_rcc_ex.o
                0x0800378c                HAL_RCCEx_PeriphCLKConfig
 .text.RCCEx_PLLSAI1_Config
                0x08003d60      0x1e8 ./Drivers/STM32L4xx_HAL_Driver/Src/stm32l4xx_hal_rcc_ex.o
 .text.RCCEx_PLLSAI2_Config
                0x08003f48      0x1bc ./Drivers/STM32L4xx_HAL_Driver/Src/stm32l4xx_hal_rcc_ex.o
 .text.HAL_SPI_Init
                0x08004104      0x146 ./Drivers/STM32L4xx_HAL_Driver/Src/stm32l4xx_hal_spi.o
                0x08004104                HAL_SPI_Init
 .text.HAL_SPI_TransmitReceive
                0x0800424a      0x43e ./Drivers/STM32L4xx_HAL_Driver/Src/stm32l4xx_hal_spi.o
                0x0800424a                HAL_SPI_TransmitReceive
 .text.SPI_WaitFlagStateUntilTimeout
                0x08004688      0x110 ./Drivers/STM32L4xx_HAL_Driver/Src/stm32l4xx_hal_spi.o
 .text.SPI_WaitFifoStateUntilTimeout
                0x08004798      0x12c ./Drivers/STM32L4xx_HAL_Driver/Src/stm32l4xx_hal_spi.o
 .text.SPI_EndRxTxTransaction
                0x080048c4       0x8c ./Drivers/STM32L4xx_HAL_Driver/Src/stm32l4xx_hal_spi.o
 .text.HAL_TIM_PWM_Init
                0x08004950       0xae ./Drivers/STM32L4xx_HAL_Driver/Src/stm32l4xx_hal_tim.o
                0x08004950                HAL_TIM_PWM_Init
 *fill*         0x080049fe        0x2 
 .text.HAL_TIM_PWM_Start
                0x08004a00      0x20c ./Drivers/STM32L4xx_HAL_Driver/Src/stm32l4xx_hal_tim.o
                0x08004a00                HAL_TIM_PWM_Start
 .text.HAL_TIM_PWM_ConfigChannel
                0x08004c0c      0x228 ./Drivers/STM32L4xx_HAL_Driver/Src/stm32l4xx_hal_tim.o
                0x08004c0c                HAL_TIM_PWM_ConfigChannel
 .text.TIM_Base_SetConfig
                0x08004e34      0x140 ./Drivers/STM32L4xx_HAL_Driver/Src/stm32l4xx_hal_tim.o
                0x08004e34                TIM_Base_SetConfig
 .text.TIM_OC1_SetConfig
                0x08004f74      0x124 ./Drivers/STM32L4xx_HAL_Driver/Src/stm32l4xx_hal_tim.o
 .text.TIM_OC2_SetConfig
                0x08005098      0x118 ./Drivers/STM32L4xx_HAL_Driver/Src/stm32l4xx_hal_tim.o
                0x08005098                TIM_OC2_SetConfig
 .text.TIM_OC3_SetConfig
                0x080051b0      0x114 ./Drivers/STM32L4xx_HAL_Driver/Src/stm32l4xx_hal_tim.o
 .text.TIM_OC4_SetConfig
                0x080052c4       0xd4 ./Drivers/STM32L4xx_HAL_Driver/Src/stm32l4xx_hal_tim.o
 .text.TIM_OC5_SetConfig
                0x08005398       0xc8 ./Drivers/STM32L4xx_HAL_Driver/Src/stm32l4xx_hal_tim.o
 .text.TIM_OC6_SetConfig
                0x08005460       0xcc ./Drivers/STM32L4xx_HAL_Driver/Src/stm32l4xx_hal_tim.o
 .text.TIM_CCxChannelCmd
                0x0800552c       0x4a ./Drivers/STM32L4xx_HAL_Driver/Src/stm32l4xx_hal_tim.o
                0x0800552c                TIM_CCxChannelCmd
 *fill*         0x08005576        0x2 
 .text.HAL_TIMEx_MasterConfigSynchronization
                0x08005578      0x110 ./Drivers/STM32L4xx_HAL_Driver/Src/stm32l4xx_hal_tim_ex.o
                0x08005578                HAL_TIMEx_MasterConfigSynchronization
 .text.HAL_UART_Init
                0x08005688       0x9c ./Drivers/STM32L4xx_HAL_Driver/Src/stm32l4xx_hal_uart.o
                0x08005688                HAL_UART_Init
 .text.UART_SetConfig
                0x08005724      0x570 ./Drivers/STM32L4xx_HAL_Driver/Src/stm32l4xx_hal_uart.o
                0x08005724                UART_SetConfig
 .text.UART_AdvFeatureConfig
                0x08005c94      0x144 ./Drivers/STM32L4xx_HAL_Driver/Src/stm32l4xx_hal_uart.o
                0x08005c94                UART_AdvFeatureConfig
 .text.UART_CheckIdleState
                0x08005dd8      0x150 ./Drivers/STM32L4xx_HAL_Driver/Src/stm32l4xx_hal_uart.o
                0x08005dd8                UART_CheckIdleState
 .text.UART_WaitOnFlagUntilTimeout
                0x08005f28       0xda ./Drivers/STM32L4xx_HAL_Driver/Src/stm32l4xx_hal_uart.o
                0x08005f28                UART_WaitOnFlagUntilTimeout
 .text.UART_EndRxTransfer
                0x08006002       0xc8 ./Drivers/STM32L4xx_HAL_Driver/Src/stm32l4xx_hal_uart.o
 .text.memset   0x080060ca       0x10 D:/05_Desarrollo_y_Codigo/03_Recursos_y_Config/CubeIDESTM32/STM32CubeIDE_1.19.0/STM32CubeIDE/plugins/com.st.stm32cube.ide.mcu.externaltools.gnu-tools-for-stm32.13.3.rel1.win32_1.0.0.202411081344/tools/bin/../lib/gcc/arm-none-eabi/13.3.1/../../../../arm-none-eabi/lib/thumb/v7e-m+fp/hard\libc_nano.a(libc_a-memset.o)
                0x080060ca                memset
 *fill*         0x080060da        0x2 
 .text.__libc_init_array
                0x080060dc       0x48 D:/05_Desarrollo_y_Codigo/03_Recursos_y_Config/CubeIDESTM32/STM32CubeIDE_1.19.0/STM32CubeIDE/plugins/com.st.stm32cube.ide.mcu.externaltools.gnu-tools-for-stm32.13.3.rel1.win32_1.0.0.202411081344/tools/bin/../lib/gcc/arm-none-eabi/13.3.1/../../../../arm-none-eabi/lib/thumb/v7e-m+fp/hard\libc_nano.a(libc_a-init.o)
                0x080060dc                __libc_init_array
 *(.glue_7)
 .glue_7        0x08006124        0x0 linker stubs
 *(.glue_7t)
 .glue_7t       0x08006124        0x0 linker stubs
 *(.eh_frame)
 .eh_frame      0x08006124        0x0 D:/05_Desarrollo_y_Codigo/03_Recursos_y_Config/CubeIDESTM32/STM32CubeIDE_1.19.0/STM32CubeIDE/plugins/com.st.stm32cube.ide.mcu.externaltools.gnu-tools-for-stm32.13.3.rel1.win32_1.0.0.202411081344/tools/bin/../lib/gcc/arm-none-eabi/13.3.1/thumb/v7e-m+fp/hard/crtbegin.o
 *(.init)
 .init          0x08006124        0x4 D:/05_Desarrollo_y_Codigo/03_Recursos_y_Config/CubeIDESTM32/STM32CubeIDE_1.19.0/STM32CubeIDE/plugins/com.st.stm32cube.ide.mcu.externaltools.gnu-tools-for-stm32.13.3.rel1.win32_1.0.0.202411081344/tools/bin/../lib/gcc/arm-none-eabi/13.3.1/thumb/v7e-m+fp/hard/crti.o
                0x08006124                _init
 .init          0x08006128        0x8 D:/05_Desarrollo_y_Codigo/03_Recursos_y_Config/CubeIDESTM32/STM32CubeIDE_1.19.0/STM32CubeIDE/plugins/com.st.stm32cube.ide.mcu.externaltools.gnu-tools-for-stm32.13.3.rel1.win32_1.0.0.202411081344/tools/bin/../lib/gcc/arm-none-eabi/13.3.1/thumb/v7e-m+fp/hard/crtn.o
 *(.fini)
 .fini          0x08006130        0x4 D:/05_Desarrollo_y_Codigo/03_Recursos_y_Config/CubeIDESTM32/STM32CubeIDE_1.19.0/STM32CubeIDE/plugins/com.st.stm32cube.ide.mcu.externaltools.gnu-tools-for-stm32.13.3.rel1.win32_1.0.0.202411081344/tools/bin/../lib/gcc/arm-none-eabi/13.3.1/thumb/v7e-m+fp/hard/crti.o
                0x08006130                _fini
 .fini          0x08006134        0x8 D:/05_Desarrollo_y_Codigo/03_Recursos_y_Config/CubeIDESTM32/STM32CubeIDE_1.19.0/STM32CubeIDE/plugins/com.st.stm32cube.ide.mcu.externaltools.gnu-tools-for-stm32.13.3.rel1.win32_1.0.0.202411081344/tools/bin/../lib/gcc/arm-none-eabi/13.3.1/thumb/v7e-m+fp/hard/crtn.o
                0x0800613c                        . = ALIGN (0x4)
                0x0800613c                        _etext = .

.vfp11_veneer   0x0800613c        0x0
 .vfp11_veneer  0x0800613c        0x0 linker stubs

.v4_bx          0x0800613c        0x0
 .v4_bx         0x0800613c        0x0 linker stubs

.iplt           0x0800613c        0x0
 .iplt          0x0800613c        0x0 D:/05_Desarrollo_y_Codigo/03_Recursos_y_Config/CubeIDESTM32/STM32CubeIDE_1.19.0/STM32CubeIDE/plugins/com.st.stm32cube.ide.mcu.externaltools.gnu-tools-for-stm32.13.3.rel1.win32_1.0.0.202411081344/tools/bin/../lib/gcc/arm-none-eabi/13.3.1/thumb/v7e-m+fp/hard/crtbegin.o

.rodata         0x0800613c       0x5c
                0x0800613c                        . = ALIGN (0x4)
 *(.rodata)
 .rodata        0x0800613c       0x14 ./Core/Src/line_follower.o
 *(.rodata*)
 .rodata.AHBPrescTable
                0x08006150       0x10 ./Core/Src/system_stm32l4xx.o
                0x08006150                AHBPrescTable
 .rodata.APBPrescTable
                0x08006160        0x8 ./Core/Src/system_stm32l4xx.o
                0x08006160                APBPrescTable
 .rodata.MSIRangeTable
                0x08006168       0x30 ./Core/Src/system_stm32l4xx.o
                0x08006168                MSIRangeTable
                0x08006198                        . = ALIGN (0x4)

.ARM.extab      0x08006198        0x0
                0x08006198                        . = ALIGN (0x4)
 *(.ARM.extab* .gnu.linkonce.armextab.*)
                0x08006198                        . = ALIGN (0x4)

.ARM            0x08006198        0x8
                0x08006198                        . = ALIGN (0x4)
                0x08006198                        __exidx_start = .
 *(.ARM.exidx*)
 .ARM.exidx     0x08006198        0x8 D:/05_Desarrollo_y_Codigo/03_Recursos_y_Config/CubeIDESTM32/STM32CubeIDE_1.19.0/STM32CubeIDE/plugins/com.st.stm32cube.ide.mcu.externaltools.gnu-tools-for-stm32.13.3.rel1.win32_1.0.0.202411081344/tools/bin/../lib/gcc/arm-none-eabi/13.3.1/thumb/v7e-m+fp/hard\libgcc.a(_udivmoddi4.o)
                0x080061a0                        __exidx_end = .
                0x080061a0                        . = ALIGN (0x4)

.preinit_array  0x080061a0        0x0
                0x080061a0                        . = ALIGN (0x4)
                0x080061a0                        PROVIDE (__preinit_array_start = .)
 *(.preinit_array*)
                0x080061a0                        PROVIDE (__preinit_array_end = .)
                0x080061a0                        . = ALIGN (0x4)

.init_array     0x080061a0        0x4
                0x080061a0                        . = ALIGN (0x4)
                0x080061a0                        PROVIDE (__init_array_start = .)
 *(SORT_BY_NAME(.init_array.*))
 *(.init_array*)
 .init_array    0x080061a0        0x4 D:/05_Desarrollo_y_Codigo/03_Recursos_y_Config/CubeIDESTM32/STM32CubeIDE_1.19.0/STM32CubeIDE/plugins/com.st.stm32cube.ide.mcu.externaltools.gnu-tools-for-stm32.13.3.rel1.win32_1.0.0.202411081344/tools/bin/../lib/gcc/arm-none-eabi/13.3.1/thumb/v7e-m+fp/hard/crtbegin.o
                0x080061a4                        PROVIDE (__init_array_end = .)
                0x080061a4                        . = ALIGN (0x4)

.fini_array     0x080061a4        0x4
                0x080061a4                        . = ALIGN (0x4)
                [!provide]                        PROVIDE (__fini_array_start = .)
 *(SORT_BY_NAME(.fini_array.*))
 *(.fini_array*)
 .fini_array    0x080061a4        0x4 D:/05_Desarrollo_y_Codigo/03_Recursos_y_Config/CubeIDESTM32/STM32CubeIDE_1.19.0/STM32CubeIDE/plugins/com.st.stm32cube.ide.mcu.externaltools.gnu-tools-for-stm32.13.3.rel1.win32_1.0.0.202411081344/tools/bin/../lib/gcc/arm-none-eabi/13.3.1/thumb/v7e-m+fp/hard/crtbegin.o
                [!provide]                        PROVIDE (__fini_array_end = .)
                0x080061a8                        . = ALIGN (0x4)
                0x080061a8                        _sidata = LOADADDR (.data)

.rel.dyn        0x080061a8        0x0
 .rel.iplt      0x080061a8        0x0 D:/05_Desarrollo_y_Codigo/03_Recursos_y_Config/CubeIDESTM32/STM32CubeIDE_1.19.0/STM32CubeIDE/plugins/com.st.stm32cube.ide.mcu.externaltools.gnu-tools-for-stm32.13.3.rel1.win32_1.0.0.202411081344/tools/bin/../lib/gcc/arm-none-eabi/13.3.1/thumb/v7e-m+fp/hard/crtbegin.o

.data           0x20000000       0x20 load address 0x080061a8
                0x20000000                        . = ALIGN (0x4)
                0x20000000                        _sdata = .
 *(.data)
 *(.data*)
 .data.distance
                0x20000000        0x4 ./Core/Src/line_follower.o
                0x20000000                distance
 .data.SystemCoreClock
                0x20000004        0x4 ./Core/Src/system_stm32l4xx.o
                0x20000004                SystemCoreClock
 .data.usecho_gpio
                0x20000008        0x4 ./Core/Src/ultrasonic.o
 .data.usecho_pin
                0x2000000c        0x2 ./Core/Src/ultrasonic.o
 *fill*         0x2000000e        0x2 
 .data.ustrig_gpio
                0x20000010        0x4 ./Core/Src/ultrasonic.o
 .data.ustrig_pin
                0x20000014        0x2 ./Core/Src/ultrasonic.o
 *fill*         0x20000016        0x2 
 .data.uwTickPrio
                0x20000018        0x4 ./Drivers/STM32L4xx_HAL_Driver/Src/stm32l4xx_hal.o
                0x20000018                uwTickPrio
 .data.uwTickFreq
                0x2000001c        0x1 ./Drivers/STM32L4xx_HAL_Driver/Src/stm32l4xx_hal.o
                0x2000001c                uwTickFreq
 *(.RamFunc)
 *(.RamFunc*)
                0x20000020                        . = ALIGN (0x4)
 *fill*         0x2000001d        0x3 
                0x20000020                        _edata = .

.igot.plt       0x20000020        0x0 load address 0x080061c8
 .igot.plt      0x20000020        0x0 D:/05_Desarrollo_y_Codigo/03_Recursos_y_Config/CubeIDESTM32/STM32CubeIDE_1.19.0/STM32CubeIDE/plugins/com.st.stm32cube.ide.mcu.externaltools.gnu-tools-for-stm32.13.3.rel1.win32_1.0.0.202411081344/tools/bin/../lib/gcc/arm-none-eabi/13.3.1/thumb/v7e-m+fp/hard/crtbegin.o
                0x20000020                        . = ALIGN (0x4)

.bss            0x20000020      0x2a4 load address 0x080061c8
                0x20000020                        _sbss = .
                0x20000020                        __bss_start__ = _sbss
 *(.bss)
 .bss           0x20000020       0x1c D:/05_Desarrollo_y_Codigo/03_Recursos_y_Config/CubeIDESTM32/STM32CubeIDE_1.19.0/STM32CubeIDE/plugins/com.st.stm32cube.ide.mcu.externaltools.gnu-tools-for-stm32.13.3.rel1.win32_1.0.0.202411081344/tools/bin/../lib/gcc/arm-none-eabi/13.3.1/thumb/v7e-m+fp/hard/crtbegin.o
 *(.bss*)
 .bss.hi2c1     0x2000003c       0x54 ./Core/Src/i2c.o
                0x2000003c                hi2c1
 .bss.state     0x20000090        0x1 ./Core/Src/line_follower.o
                0x20000090                state
 *fill*         0x20000091        0x3 
 .bss.pcf       0x20000094        0x8 ./Core/Src/line_follower.o
                0x20000094                pcf
 .bss.obstacle_side
                0x2000009c        0x4 ./Core/Src/line_follower.o
                0x2000009c                obstacle_side
 .bss.last_error
                0x200000a0        0x4 ./Core/Src/line_follower.o
 .bss.state_timer
                0x200000a4        0x4 ./Core/Src/line_follower.o
                0x200000a4                state_timer
 .bss.mis_sensores
                0x200000a8        0xa ./Core/Src/main.o
                0x200000a8                mis_sensores
 *fill*         0x200000b2        0x2 
 .bss.hspi1     0x200000b4       0x64 ./Core/Src/spi.o
                0x200000b4                hspi1
 .bss.htim2     0x20000118       0x4c ./Core/Src/tim.o
                0x20000118                htim2
 .bss.htim3     0x20000164       0x4c ./Core/Src/tim.o
                0x20000164                htim3
 .bss.huart2    0x200001b0       0x88 ./Core/Src/usart.o
                0x200001b0                huart2
 .bss.huart3    0x20000238       0x88 ./Core/Src/usart.o
                0x20000238                huart3
 .bss.uwTick    0x200002c0        0x4 ./Drivers/STM32L4xx_HAL_Driver/Src/stm32l4xx_hal.o
                0x200002c0                uwTick
 *(COMMON)
                0x200002c4                        . = ALIGN (0x4)
                0x200002c4                        _ebss = .
                0x200002c4                        __bss_end__ = _ebss

._user_heap_stack
                0x200002c4      0x604 load address 0x080061c8
                0x200002c8                        . = ALIGN (0x8)
 *fill*         0x200002c4        0x4 
                [!provide]                        PROVIDE (end = .)
                0x200002c8                        PROVIDE (_end = .)
                0x200004c8                        . = (. + _Min_Heap_Size)
 *fill*         0x200002c8      0x200 
                0x200008c8                        . = (. + _Min_Stack_Size)
 *fill*         0x200004c8      0x400 
                0x200008c8                        . = ALIGN (0x8)

/DISCARD/
 libc.a(*)
 libm.a(*)
 libgcc.a(*)

.ARM.attributes
                0x00000000       0x30
 *(.ARM.attributes)
 .ARM.attributes
                0x00000000       0x22 D:/05_Desarrollo_y_Codigo/03_Recursos_y_Config/CubeIDESTM32/STM32CubeIDE_1.19.0/STM32CubeIDE/plugins/com.st.stm32cube.ide.mcu.externaltools.gnu-tools-for-stm32.13.3.rel1.win32_1.0.0.202411081344/tools/bin/../lib/gcc/arm-none-eabi/13.3.1/thumb/v7e-m+fp/hard/crti.o
 .ARM.attributes
                0x00000022       0x34 D:/05_Desarrollo_y_Codigo/03_Recursos_y_Config/CubeIDESTM32/STM32CubeIDE_1.19.0/STM32CubeIDE/plugins/com.st.stm32cube.ide.mcu.externaltools.gnu-tools-for-stm32.13.3.rel1.win32_1.0.0.202411081344/tools/bin/../lib/gcc/arm-none-eabi/13.3.1/thumb/v7e-m+fp/hard/crtbegin.o
 .ARM.attributes
                0x00000056       0x34 ./Core/Src/TRSensors.o
 .ARM.attributes
                0x0000008a       0x34 ./Core/Src/gpio.o
 .ARM.attributes
                0x000000be       0x34 ./Core/Src/i2c.o
 .ARM.attributes
                0x000000f2       0x34 ./Core/Src/line_follower.o
 .ARM.attributes
                0x00000126       0x34 ./Core/Src/main.o
 .ARM.attributes
                0x0000015a       0x34 ./Core/Src/motor.o
 .ARM.attributes
                0x0000018e       0x34 ./Core/Src/pcf8574.o
 .ARM.attributes
                0x000001c2       0x34 ./Core/Src/spi.o
 .ARM.attributes
                0x000001f6       0x34 ./Core/Src/stm32l4xx_hal_msp.o
 .ARM.attributes
                0x0000022a       0x34 ./Core/Src/stm32l4xx_it.o
 .ARM.attributes
                0x0000025e       0x34 ./Core/Src/system_stm32l4xx.o
 .ARM.attributes
                0x00000292       0x34 ./Core/Src/tim.o
 .ARM.attributes
                0x000002c6       0x34 ./Core/Src/ultrasonic.o
 .ARM.attributes
                0x000002fa       0x34 ./Core/Src/usart.o
 .ARM.attributes
                0x0000032e       0x21 ./Core/Startup/startup_stm32l476rgtx.o
 .ARM.attributes
                0x0000034f       0x34 ./Drivers/STM32L4xx_HAL_Driver/Src/stm32l4xx_hal.o
 .ARM.attributes
                0x00000383       0x34 ./Drivers/STM32L4xx_HAL_Driver/Src/stm32l4xx_hal_cortex.o
 .ARM.attributes
                0x000003b7       0x34 ./Drivers/STM32L4xx_HAL_Driver/Src/stm32l4xx_hal_gpio.o
 .ARM.attributes
                0x000003eb       0x34 ./Drivers/STM32L4xx_HAL_Driver/Src/stm32l4xx_hal_i2c.o
 .ARM.attributes
                0x0000041f       0x34 ./Drivers/STM32L4xx_HAL_Driver/Src/stm32l4xx_hal_i2c_ex.o
 .ARM.attributes
                0x00000453       0x34 ./Drivers/STM32L4xx_HAL_Driver/Src/stm32l4xx_hal_pwr_ex.o
 .ARM.attributes
                0x00000487       0x34 ./Drivers/STM32L4xx_HAL_Driver/Src/stm32l4xx_hal_rcc.o
 .ARM.attributes
                0x000004bb       0x34 ./Drivers/STM32L4xx_HAL_Driver/Src/stm32l4xx_hal_rcc_ex.o
 .ARM.attributes
                0x000004ef       0x34 ./Drivers/STM32L4xx_HAL_Driver/Src/stm32l4xx_hal_spi.o
 .ARM.attributes
                0x00000523       0x34 ./Drivers/STM32L4xx_HAL_Driver/Src/stm32l4xx_hal_tim.o
 .ARM.attributes
                0x00000557       0x34 ./Drivers/STM32L4xx_HAL_Driver/Src/stm32l4xx_hal_tim_ex.o
 .ARM.attributes
                0x0000058b       0x34 ./Drivers/STM32L4xx_HAL_Driver/Src/stm32l4xx_hal_uart.o
 .ARM.attributes
                0x000005bf       0x34 D:/05_Desarrollo_y_Codigo/03_Recursos_y_Config/CubeIDESTM32/STM32CubeIDE_1.19.0/STM32CubeIDE/plugins/com.st.stm32cube.ide.mcu.externaltools.gnu-tools-for-stm32.13.3.rel1.win32_1.0.0.202411081344/tools/bin/../lib/gcc/arm-none-eabi/13.3.1/../../../../arm-none-eabi/lib/thumb/v7e-m+fp/hard\libc_nano.a(libc_a-memset.o)
 .ARM.attributes
                0x000005f3       0x34 D:/05_Desarrollo_y_Codigo/03_Recursos_y_Config/CubeIDESTM32/STM32CubeIDE_1.19.0/STM32CubeIDE/plugins/com.st.stm32cube.ide.mcu.externaltools.gnu-tools-for-stm32.13.3.rel1.win32_1.0.0.202411081344/tools/bin/../lib/gcc/arm-none-eabi/13.3.1/../../../../arm-none-eabi/lib/thumb/v7e-m+fp/hard\libc_nano.a(libc_a-init.o)
 .ARM.attributes
                0x00000627       0x22 D:/05_Desarrollo_y_Codigo/03_Recursos_y_Config/CubeIDESTM32/STM32CubeIDE_1.19.0/STM32CubeIDE/plugins/com.st.stm32cube.ide.mcu.externaltools.gnu-tools-for-stm32.13.3.rel1.win32_1.0.0.202411081344/tools/bin/../lib/gcc/arm-none-eabi/13.3.1/thumb/v7e-m+fp/hard\libgcc.a(_aeabi_uldivmod.o)
 .ARM.attributes
                0x00000649       0x34 D:/05_Desarrollo_y_Codigo/03_Recursos_y_Config/CubeIDESTM32/STM32CubeIDE_1.19.0/STM32CubeIDE/plugins/com.st.stm32cube.ide.mcu.externaltools.gnu-tools-for-stm32.13.3.rel1.win32_1.0.0.202411081344/tools/bin/../lib/gcc/arm-none-eabi/13.3.1/thumb/v7e-m+fp/hard\libgcc.a(_udivmoddi4.o)
 .ARM.attributes
                0x0000067d       0x22 D:/05_Desarrollo_y_Codigo/03_Recursos_y_Config/CubeIDESTM32/STM32CubeIDE_1.19.0/STM32CubeIDE/plugins/com.st.stm32cube.ide.mcu.externaltools.gnu-tools-for-stm32.13.3.rel1.win32_1.0.0.202411081344/tools/bin/../lib/gcc/arm-none-eabi/13.3.1/thumb/v7e-m+fp/hard\libgcc.a(_dvmd_tls.o)
 .ARM.attributes
                0x0000069f       0x22 D:/05_Desarrollo_y_Codigo/03_Recursos_y_Config/CubeIDESTM32/STM32CubeIDE_1.19.0/STM32CubeIDE/plugins/com.st.stm32cube.ide.mcu.externaltools.gnu-tools-for-stm32.13.3.rel1.win32_1.0.0.202411081344/tools/bin/../lib/gcc/arm-none-eabi/13.3.1/thumb/v7e-m+fp/hard/crtn.o
OUTPUT(projet3.elf elf32-littlearm)
LOAD linker stubs
LOAD D:/05_Desarrollo_y_Codigo/03_Recursos_y_Config/CubeIDESTM32/STM32CubeIDE_1.19.0/STM32CubeIDE/plugins/com.st.stm32cube.ide.mcu.externaltools.gnu-tools-for-stm32.13.3.rel1.win32_1.0.0.202411081344/tools/bin/../lib/gcc/arm-none-eabi/13.3.1/../../../../arm-none-eabi/lib/thumb/v7e-m+fp/hard\libc.a
LOAD D:/05_Desarrollo_y_Codigo/03_Recursos_y_Config/CubeIDESTM32/STM32CubeIDE_1.19.0/STM32CubeIDE/plugins/com.st.stm32cube.ide.mcu.externaltools.gnu-tools-for-stm32.13.3.rel1.win32_1.0.0.202411081344/tools/bin/../lib/gcc/arm-none-eabi/13.3.1/../../../../arm-none-eabi/lib/thumb/v7e-m+fp/hard\libm.a
LOAD D:/05_Desarrollo_y_Codigo/03_Recursos_y_Config/CubeIDESTM32/STM32CubeIDE_1.19.0/STM32CubeIDE/plugins/com.st.stm32cube.ide.mcu.externaltools.gnu-tools-for-stm32.13.3.rel1.win32_1.0.0.202411081344/tools/bin/../lib/gcc/arm-none-eabi/13.3.1/thumb/v7e-m+fp/hard\libgcc.a

.debug_info     0x00000000    0x172ee
 .debug_info    0x00000000      0x777 ./Core/Src/TRSensors.o
 .debug_info    0x00000777      0x539 ./Core/Src/gpio.o
 .debug_info    0x00000cb0      0xce0 ./Core/Src/i2c.o
 .debug_info    0x00001990      0x8f9 ./Core/Src/line_follower.o
 .debug_info    0x00002289      0x9ef ./Core/Src/main.o
 .debug_info    0x00002c78      0x856 ./Core/Src/motor.o
 .debug_info    0x000034ce      0x7a7 ./Core/Src/pcf8574.o
 .debug_info    0x00003c75      0x9b2 ./Core/Src/spi.o
 .debug_info    0x00004627      0x301 ./Core/Src/stm32l4xx_hal_msp.o
 .debug_info    0x00004928      0x157 ./Core/Src/stm32l4xx_it.o
 .debug_info    0x00004a7f      0x5e2 ./Core/Src/system_stm32l4xx.o
 .debug_info    0x00005061      0xcb5 ./Core/Src/tim.o
 .debug_info    0x00005d16      0x4e6 ./Core/Src/ultrasonic.o
 .debug_info    0x000061fc      0xd69 ./Core/Src/usart.o
 .debug_info    0x00006f65       0x30 ./Core/Startup/startup_stm32l476rgtx.o
 .debug_info    0x00006f95      0xc4d ./Drivers/STM32L4xx_HAL_Driver/Src/stm32l4xx_hal.o
 .debug_info    0x00007be2      0xdad ./Drivers/STM32L4xx_HAL_Driver/Src/stm32l4xx_hal_cortex.o
 .debug_info    0x0000898f      0x79f ./Drivers/STM32L4xx_HAL_Driver/Src/stm32l4xx_hal_gpio.o
 .debug_info    0x0000912e     0x20fc ./Drivers/STM32L4xx_HAL_Driver/Src/stm32l4xx_hal_i2c.o
 .debug_info    0x0000b22a      0x99f ./Drivers/STM32L4xx_HAL_Driver/Src/stm32l4xx_hal_i2c_ex.o
 .debug_info    0x0000bbc9      0x9ca ./Drivers/STM32L4xx_HAL_Driver/Src/stm32l4xx_hal_pwr_ex.o
 .debug_info    0x0000c593      0xc45 ./Drivers/STM32L4xx_HAL_Driver/Src/stm32l4xx_hal_rcc.o
 .debug_info    0x0000d1d8      0xe58 ./Drivers/STM32L4xx_HAL_Driver/Src/stm32l4xx_hal_rcc_ex.o
 .debug_info    0x0000e030     0x1572 ./Drivers/STM32L4xx_HAL_Driver/Src/stm32l4xx_hal_spi.o
 .debug_info    0x0000f5a2     0x2ade ./Drivers/STM32L4xx_HAL_Driver/Src/stm32l4xx_hal_tim.o
 .debug_info    0x00012080     0x16e0 ./Drivers/STM32L4xx_HAL_Driver/Src/stm32l4xx_hal_tim_ex.o
 .debug_info    0x00013760     0x3b8e ./Drivers/STM32L4xx_HAL_Driver/Src/stm32l4xx_hal_uart.o

.debug_abbrev   0x00000000     0x358b
 .debug_abbrev  0x00000000      0x1da ./Core/Src/TRSensors.o
 .debug_abbrev  0x000001da      0x158 ./Core/Src/gpio.o
 .debug_abbrev  0x00000332      0x218 ./Core/Src/i2c.o
 .debug_abbrev  0x0000054a      0x258 ./Core/Src/line_follower.o
 .debug_abbrev  0x000007a2      0x293 ./Core/Src/main.o
 .debug_abbrev  0x00000a35      0x1da ./Core/Src/motor.o
 .debug_abbrev  0x00000c0f      0x1a6 ./Core/Src/pcf8574.o
 .debug_abbrev  0x00000db5      0x1f8 ./Core/Src/spi.o
 .debug_abbrev  0x00000fad       0xdd ./Core/Src/stm32l4xx_hal_msp.o
 .debug_abbrev  0x0000108a       0xac ./Core/Src/stm32l4xx_it.o
 .debug_abbrev  0x00001136      0x117 ./Core/Src/system_stm32l4xx.o
 .debug_abbrev  0x0000124d      0x229 ./Core/Src/tim.o
 .debug_abbrev  0x00001476      0x17b ./Core/Src/ultrasonic.o
 .debug_abbrev  0x000015f1      0x1fa ./Core/Src/usart.o
 .debug_abbrev  0x000017eb       0x24 ./Core/Startup/startup_stm32l476rgtx.o
 .debug_abbrev  0x0000180f      0x243 ./Drivers/STM32L4xx_HAL_Driver/Src/stm32l4xx_hal.o
 .debug_abbrev  0x00001a52      0x31c ./Drivers/STM32L4xx_HAL_Driver/Src/stm32l4xx_hal_cortex.o
 .debug_abbrev  0x00001d6e      0x1d1 ./Drivers/STM32L4xx_HAL_Driver/Src/stm32l4xx_hal_gpio.o
 .debug_abbrev  0x00001f3f      0x285 ./Drivers/STM32L4xx_HAL_Driver/Src/stm32l4xx_hal_i2c.o
 .debug_abbrev  0x000021c4      0x1cb ./Drivers/STM32L4xx_HAL_Driver/Src/stm32l4xx_hal_i2c_ex.o
 .debug_abbrev  0x0000238f      0x1f9 ./Drivers/STM32L4xx_HAL_Driver/Src/stm32l4xx_hal_pwr_ex.o
 .debug_abbrev  0x00002588      0x2dc ./Drivers/STM32L4xx_HAL_Driver/Src/stm32l4xx_hal_rcc.o
 .debug_abbrev  0x00002864      0x2a5 ./Drivers/STM32L4xx_HAL_Driver/Src/stm32l4xx_hal_rcc_ex.o
 .debug_abbrev  0x00002b09      0x282 ./Drivers/STM32L4xx_HAL_Driver/Src/stm32l4xx_hal_spi.o
 .debug_abbrev  0x00002d8b      0x289 ./Drivers/STM32L4xx_HAL_Driver/Src/stm32l4xx_hal_tim.o
 .debug_abbrev  0x00003014      0x284 ./Drivers/STM32L4xx_HAL_Driver/Src/stm32l4xx_hal_tim_ex.o
 .debug_abbrev  0x00003298      0x2f3 ./Drivers/STM32L4xx_HAL_Driver/Src/stm32l4xx_hal_uart.o

.debug_aranges  0x00000000     0x14a8
 .debug_aranges
                0x00000000       0x30 ./Core/Src/TRSensors.o
 .debug_aranges
                0x00000030       0x20 ./Core/Src/gpio.o
 .debug_aranges
                0x00000050       0x30 ./Core/Src/i2c.o
 .debug_aranges
                0x00000080       0x30 ./Core/Src/line_follower.o
 .debug_aranges
                0x000000b0       0x38 ./Core/Src/main.o
 .debug_aranges
                0x000000e8       0x30 ./Core/Src/motor.o
 .debug_aranges
                0x00000118       0x40 ./Core/Src/pcf8574.o
 .debug_aranges
                0x00000158       0x30 ./Core/Src/spi.o
 .debug_aranges
                0x00000188       0x20 ./Core/Src/stm32l4xx_hal_msp.o
 .debug_aranges
                0x000001a8       0x60 ./Core/Src/stm32l4xx_it.o
 .debug_aranges
                0x00000208       0x28 ./Core/Src/system_stm32l4xx.o
 .debug_aranges
                0x00000230       0x40 ./Core/Src/tim.o
 .debug_aranges
                0x00000270       0x30 ./Core/Src/ultrasonic.o
 .debug_aranges
                0x000002a0       0x38 ./Core/Src/usart.o
 .debug_aranges
                0x000002d8       0x28 ./Core/Startup/startup_stm32l476rgtx.o
 .debug_aranges
                0x00000300      0x130 ./Drivers/STM32L4xx_HAL_Driver/Src/stm32l4xx_hal.o
 .debug_aranges
                0x00000430      0x128 ./Drivers/STM32L4xx_HAL_Driver/Src/stm32l4xx_hal_cortex.o
 .debug_aranges
                0x00000558       0x58 ./Drivers/STM32L4xx_HAL_Driver/Src/stm32l4xx_hal_gpio.o
 .debug_aranges
                0x000005b0      0x2a0 ./Drivers/STM32L4xx_HAL_Driver/Src/stm32l4xx_hal_i2c.o
 .debug_aranges
                0x00000850       0x48 ./Drivers/STM32L4xx_HAL_Driver/Src/stm32l4xx_hal_i2c_ex.o
 .debug_aranges
                0x00000898      0x160 ./Drivers/STM32L4xx_HAL_Driver/Src/stm32l4xx_hal_pwr_ex.o
 .debug_aranges
                0x000009f8       0x90 ./Drivers/STM32L4xx_HAL_Driver/Src/stm32l4xx_hal_rcc.o
 .debug_aranges
                0x00000a88       0xc0 ./Drivers/STM32L4xx_HAL_Driver/Src/stm32l4xx_hal_rcc_ex.o
 .debug_aranges
                0x00000b48      0x1d8 ./Drivers/STM32L4xx_HAL_Driver/Src/stm32l4xx_hal_spi.o
 .debug_aranges
                0x00000d20      0x3e0 ./Drivers/STM32L4xx_HAL_Driver/Src/stm32l4xx_hal_tim.o
 .debug_aranges
                0x00001100      0x180 ./Drivers/STM32L4xx_HAL_Driver/Src/stm32l4xx_hal_tim_ex.o
 .debug_aranges
                0x00001280      0x228 ./Drivers/STM32L4xx_HAL_Driver/Src/stm32l4xx_hal_uart.o

.debug_rnglists
                0x00000000     0x101a
 .debug_rnglists
                0x00000000       0x1f ./Core/Src/TRSensors.o
 .debug_rnglists
                0x0000001f       0x14 ./Core/Src/gpio.o
 .debug_rnglists
                0x00000033       0x21 ./Core/Src/i2c.o
 .debug_rnglists
                0x00000054       0x21 ./Core/Src/line_follower.o
 .debug_rnglists
                0x00000075       0x26 ./Core/Src/main.o
 .debug_rnglists
                0x0000009b       0x20 ./Core/Src/motor.o
 .debug_rnglists
                0x000000bb       0x2b ./Core/Src/pcf8574.o
 .debug_rnglists
                0x000000e6       0x20 ./Core/Src/spi.o
 .debug_rnglists
                0x00000106       0x13 ./Core/Src/stm32l4xx_hal_msp.o
 .debug_rnglists
                0x00000119       0x43 ./Core/Src/stm32l4xx_it.o
 .debug_rnglists
                0x0000015c       0x1a ./Core/Src/system_stm32l4xx.o
 .debug_rnglists
                0x00000176       0x2e ./Core/Src/tim.o
 .debug_rnglists
                0x000001a4       0x20 ./Core/Src/ultrasonic.o
 .debug_rnglists
                0x000001c4       0x26 ./Core/Src/usart.o
 .debug_rnglists
                0x000001ea       0x19 ./Core/Startup/startup_stm32l476rgtx.o
 .debug_rnglists
                0x00000203       0xdf ./Drivers/STM32L4xx_HAL_Driver/Src/stm32l4xx_hal.o
 .debug_rnglists
                0x000002e2       0xda ./Drivers/STM32L4xx_HAL_Driver/Src/stm32l4xx_hal_cortex.o
 .debug_rnglists
                0x000003bc       0x3f ./Drivers/STM32L4xx_HAL_Driver/Src/stm32l4xx_hal_gpio.o
 .debug_rnglists
                0x000003fb      0x228 ./Drivers/STM32L4xx_HAL_Driver/Src/stm32l4xx_hal_i2c.o
 .debug_rnglists
                0x00000623       0x35 ./Drivers/STM32L4xx_HAL_Driver/Src/stm32l4xx_hal_i2c_ex.o
 .debug_rnglists
                0x00000658      0x109 ./Drivers/STM32L4xx_HAL_Driver/Src/stm32l4xx_hal_pwr_ex.o
 .debug_rnglists
                0x00000761       0x6d ./Drivers/STM32L4xx_HAL_Driver/Src/stm32l4xx_hal_rcc.o
 .debug_rnglists
                0x000007ce       0x95 ./Drivers/STM32L4xx_HAL_Driver/Src/stm32l4xx_hal_rcc_ex.o
 .debug_rnglists
                0x00000863      0x178 ./Drivers/STM32L4xx_HAL_Driver/Src/stm32l4xx_hal_spi.o
 .debug_rnglists
                0x000009db      0x32c ./Drivers/STM32L4xx_HAL_Driver/Src/stm32l4xx_hal_tim.o
 .debug_rnglists
                0x00000d07      0x139 ./Drivers/STM32L4xx_HAL_Driver/Src/stm32l4xx_hal_tim_ex.o
 .debug_rnglists
                0x00000e40      0x1da ./Drivers/STM32L4xx_HAL_Driver/Src/stm32l4xx_hal_uart.o

.debug_macro    0x00000000    0x290a5
 .debug_macro   0x00000000      0x225 ./Core/Src/TRSensors.o
 .debug_macro   0x00000225      0xad8 ./Core/Src/TRSensors.o
 .debug_macro   0x00000cfd      0x1b3 ./Core/Src/TRSensors.o
 .debug_macro   0x00000eb0       0x2e ./Core/Src/TRSensors.o
 .debug_macro   0x00000ede       0x28 ./Core/Src/TRSensors.o
 .debug_macro   0x00000f06       0x22 ./Core/Src/TRSensors.o
 .debug_macro   0x00000f28       0x8e ./Core/Src/TRSensors.o
 .debug_macro   0x00000fb6       0x51 ./Core/Src/TRSensors.o
 .debug_macro   0x00001007      0x103 ./Core/Src/TRSensors.o
 .debug_macro   0x0000110a       0x6a ./Core/Src/TRSensors.o
 .debug_macro   0x00001174      0x1df ./Core/Src/TRSensors.o
 .debug_macro   0x00001353       0x1c ./Core/Src/TRSensors.o
 .debug_macro   0x0000136f       0x22 ./Core/Src/TRSensors.o
 .debug_macro   0x00001391       0xfb ./Core/Src/TRSensors.o
 .debug_macro   0x0000148c     0x1011 ./Core/Src/TRSensors.o
 .debug_macro   0x0000249d      0x11f ./Core/Src/TRSensors.o
 .debug_macro   0x000025bc    0x1a192 ./Core/Src/TRSensors.o
 .debug_macro   0x0001c74e       0x6d ./Core/Src/TRSensors.o
 .debug_macro   0x0001c7bb     0x38fb ./Core/Src/TRSensors.o
 .debug_macro   0x000200b6      0x190 ./Core/Src/TRSensors.o
 .debug_macro   0x00020246       0x5c ./Core/Src/TRSensors.o
 .debug_macro   0x000202a2     0x159e ./Core/Src/TRSensors.o
 .debug_macro   0x00021840      0x5a5 ./Core/Src/TRSensors.o
 .debug_macro   0x00021de5      0x1b9 ./Core/Src/TRSensors.o
 .debug_macro   0x00021f9e      0x18b ./Core/Src/TRSensors.o
 .debug_macro   0x00022129      0x2c4 ./Core/Src/TRSensors.o
 .debug_macro   0x000223ed      0x27a ./Core/Src/TRSensors.o
 .debug_macro   0x00022667      0x23d ./Core/Src/TRSensors.o
 .debug_macro   0x000228a4      0x241 ./Core/Src/TRSensors.o
 .debug_macro   0x00022ae5      0x37c ./Core/Src/TRSensors.o
 .debug_macro   0x00022e61       0xd6 ./Core/Src/TRSensors.o
 .debug_macro   0x00022f37      0x22c ./Core/Src/TRSensors.o
 .debug_macro   0x00023163       0x61 ./Core/Src/TRSensors.o
 .debug_macro   0x000231c4       0xa5 ./Core/Src/TRSensors.o
 .debug_macro   0x00023269      0x122 ./Core/Src/TRSensors.o
 .debug_macro   0x0002338b      0x3ef ./Core/Src/TRSensors.o
 .debug_macro   0x0002377a      0x2fe ./Core/Src/TRSensors.o
 .debug_macro   0x00023a78      0xa98 ./Core/Src/TRSensors.o
 .debug_macro   0x00024510      0x1e6 ./Core/Src/TRSensors.o
 .debug_macro   0x000246f6      0x5cf ./Core/Src/TRSensors.o
 .debug_macro   0x00024cc5       0x44 ./Core/Src/TRSensors.o
 .debug_macro   0x00024d09      0x330 ./Core/Src/TRSensors.o
 .debug_macro   0x00025039       0x64 ./Core/Src/TRSensors.o
 .debug_macro   0x0002509d       0x16 ./Core/Src/TRSensors.o
 .debug_macro   0x000250b3      0x216 ./Core/Src/gpio.o
 .debug_macro   0x000252c9      0x216 ./Core/Src/i2c.o
 .debug_macro   0x000254df      0x246 ./Core/Src/line_follower.o
 .debug_macro   0x00025725       0x22 ./Core/Src/line_follower.o
 .debug_macro   0x00025747       0x1c ./Core/Src/line_follower.o
 .debug_macro   0x00025763      0x336 ./Core/Src/main.o
 .debug_macro   0x00025a99       0x28 ./Core/Src/main.o
 .debug_macro   0x00025ac1       0x61 ./Core/Src/main.o
 .debug_macro   0x00025b22       0x2a ./Core/Src/main.o
 .debug_macro   0x00025b4c       0x43 ./Core/Src/main.o
 .debug_macro   0x00025b8f       0x34 ./Core/Src/main.o
 .debug_macro   0x00025bc3       0x16 ./Core/Src/main.o
 .debug_macro   0x00025bd9       0x3c ./Core/Src/main.o
 .debug_macro   0x00025c15      0x370 ./Core/Src/main.o
 .debug_macro   0x00025f85       0x10 ./Core/Src/main.o
 .debug_macro   0x00025f95       0x16 ./Core/Src/main.o
 .debug_macro   0x00025fab       0x4a ./Core/Src/main.o
 .debug_macro   0x00025ff5       0x34 ./Core/Src/main.o
 .debug_macro   0x00026029       0x10 ./Core/Src/main.o
 .debug_macro   0x00026039       0x58 ./Core/Src/main.o
 .debug_macro   0x00026091       0x8e ./Core/Src/main.o
 .debug_macro   0x0002611f       0x1c ./Core/Src/main.o
 .debug_macro   0x0002613b      0x185 ./Core/Src/main.o
 .debug_macro   0x000262c0       0x16 ./Core/Src/main.o
 .debug_macro   0x000262d6       0x16 ./Core/Src/main.o
 .debug_macro   0x000262ec      0x146 ./Core/Src/main.o
 .debug_macro   0x00026432      0x21c ./Core/Src/motor.o
 .debug_macro   0x0002664e      0x20c ./Core/Src/pcf8574.o
 .debug_macro   0x0002685a       0x16 ./Core/Src/pcf8574.o
 .debug_macro   0x00026870      0x216 ./Core/Src/spi.o
 .debug_macro   0x00026a86      0x20c ./Core/Src/stm32l4xx_hal_msp.o
 .debug_macro   0x00026c92      0x216 ./Core/Src/stm32l4xx_it.o
 .debug_macro   0x00026ea8      0x1fd ./Core/Src/system_stm32l4xx.o
 .debug_macro   0x000270a5      0x216 ./Core/Src/tim.o
 .debug_macro   0x000272bb      0x207 ./Core/Src/ultrasonic.o
 .debug_macro   0x000274c2      0x216 ./Core/Src/usart.o
 .debug_macro   0x000276d8      0x24b ./Drivers/STM32L4xx_HAL_Driver/Src/stm32l4xx_hal.o
 .debug_macro   0x00027923      0x1fd ./Drivers/STM32L4xx_HAL_Driver/Src/stm32l4xx_hal_cortex.o
 .debug_macro   0x00027b20      0x204 ./Drivers/STM32L4xx_HAL_Driver/Src/stm32l4xx_hal_gpio.o
 .debug_macro   0x00027d24      0x2c9 ./Drivers/STM32L4xx_HAL_Driver/Src/stm32l4xx_hal_i2c.o
 .debug_macro   0x00027fed      0x1fd ./Drivers/STM32L4xx_HAL_Driver/Src/stm32l4xx_hal_i2c_ex.o
 .debug_macro   0x000281ea      0x221 ./Drivers/STM32L4xx_HAL_Driver/Src/stm32l4xx_hal_pwr_ex.o
 .debug_macro   0x0002840b      0x23f ./Drivers/STM32L4xx_HAL_Driver/Src/stm32l4xx_hal_rcc.o
 .debug_macro   0x0002864a      0x233 ./Drivers/STM32L4xx_HAL_Driver/Src/stm32l4xx_hal_rcc_ex.o
 .debug_macro   0x0002887d      0x205 ./Drivers/STM32L4xx_HAL_Driver/Src/stm32l4xx_hal_spi.o
 .debug_macro   0x00028a82      0x1fe ./Drivers/STM32L4xx_HAL_Driver/Src/stm32l4xx_hal_tim.o
 .debug_macro   0x00028c80      0x1fd ./Drivers/STM32L4xx_HAL_Driver/Src/stm32l4xx_hal_tim_ex.o
 .debug_macro   0x00028e7d      0x228 ./Drivers/STM32L4xx_HAL_Driver/Src/stm32l4xx_hal_uart.o

.debug_line     0x00000000    0x1c4f8
 .debug_line    0x00000000      0x8a1 ./Core/Src/TRSensors.o
 .debug_line    0x000008a1      0x841 ./Core/Src/gpio.o
 .debug_line    0x000010e2      0x8a1 ./Core/Src/i2c.o
 .debug_line    0x00001983      0xad8 ./Core/Src/line_follower.o
 .debug_line    0x0000245b      0xa7d ./Core/Src/main.o
 .debug_line    0x00002ed8      0x859 ./Core/Src/motor.o
 .debug_line    0x00003731      0x87b ./Core/Src/pcf8574.o
 .debug_line    0x00003fac      0x87d ./Core/Src/spi.o
 .debug_line    0x00004829      0x800 ./Core/Src/stm32l4xx_hal_msp.o
 .debug_line    0x00005029      0x8af ./Core/Src/stm32l4xx_it.o
 .debug_line    0x000058d8      0x89e ./Core/Src/system_stm32l4xx.o
 .debug_line    0x00006176      0x957 ./Core/Src/tim.o
 .debug_line    0x00006acd      0x8ef ./Core/Src/ultrasonic.o
 .debug_line    0x000073bc      0x90f ./Core/Src/usart.o
 .debug_line    0x00007ccb       0x7a ./Core/Startup/startup_stm32l476rgtx.o
 .debug_line    0x00007d45      0xc07 ./Drivers/STM32L4xx_HAL_Driver/Src/stm32l4xx_hal.o
 .debug_line    0x0000894c      0xda1 ./Drivers/STM32L4xx_HAL_Driver/Src/stm32l4xx_hal_cortex.o
 .debug_line    0x000096ed      0xc5a ./Drivers/STM32L4xx_HAL_Driver/Src/stm32l4xx_hal_gpio.o
 .debug_line    0x0000a347     0x3813 ./Drivers/STM32L4xx_HAL_Driver/Src/stm32l4xx_hal_i2c.o
 .debug_line    0x0000db5a      0x966 ./Drivers/STM32L4xx_HAL_Driver/Src/stm32l4xx_hal_i2c_ex.o
 .debug_line    0x0000e4c0      0xde8 ./Drivers/STM32L4xx_HAL_Driver/Src/stm32l4xx_hal_pwr_ex.o
 .debug_line    0x0000f2a8     0x115b ./Drivers/STM32L4xx_HAL_Driver/Src/stm32l4xx_hal_rcc.o
 .debug_line    0x00010403     0x1629 ./Drivers/STM32L4xx_HAL_Driver/Src/stm32l4xx_hal_rcc_ex.o
 .debug_line    0x00011a2c     0x20e6 ./Drivers/STM32L4xx_HAL_Driver/Src/stm32l4xx_hal_spi.o
 .debug_line    0x00013b12     0x3f6a ./Drivers/STM32L4xx_HAL_Driver/Src/stm32l4xx_hal_tim.o
 .debug_line    0x00017a7c     0x1c43 ./Drivers/STM32L4xx_HAL_Driver/Src/stm32l4xx_hal_tim_ex.o
 .debug_line    0x000196bf     0x2e39 ./Drivers/STM32L4xx_HAL_Driver/Src/stm32l4xx_hal_uart.o

.debug_str      0x00000000    0xf931d
 .debug_str     0x00000000    0xf931d ./Core/Src/TRSensors.o
                              0xefd4f (size before relaxing)
 .debug_str     0x000f931d    0xefa64 ./Core/Src/gpio.o
 .debug_str     0x000f931d    0xf01d2 ./Core/Src/i2c.o
 .debug_str     0x000f931d    0xefef9 ./Core/Src/line_follower.o
 .debug_str     0x000f931d    0xf3770 ./Core/Src/main.o
 .debug_str     0x000f931d    0xefe1a ./Core/Src/motor.o
 .debug_str     0x000f931d    0xefc2f ./Core/Src/pcf8574.o
 .debug_str     0x000f931d    0xefe4b ./Core/Src/spi.o
 .debug_str     0x000f931d    0xef961 ./Core/Src/stm32l4xx_hal_msp.o
 .debug_str     0x000f931d    0xef89a ./Core/Src/stm32l4xx_it.o
 .debug_str     0x000f931d    0xef8b8 ./Core/Src/system_stm32l4xx.o
 .debug_str     0x000f931d    0xf00b6 ./Core/Src/tim.o
 .debug_str     0x000f931d    0xef8c4 ./Core/Src/ultrasonic.o
 .debug_str     0x000f931d    0xf0164 ./Core/Src/usart.o
 .debug_str     0x000f931d       0xc9 ./Core/Startup/startup_stm32l476rgtx.o
 .debug_str     0x000f931d    0xf04cc ./Drivers/STM32L4xx_HAL_Driver/Src/stm32l4xx_hal.o
 .debug_str     0x000f931d    0xf0131 ./Drivers/STM32L4xx_HAL_Driver/Src/stm32l4xx_hal_cortex.o
 .debug_str     0x000f931d    0xefa43 ./Drivers/STM32L4xx_HAL_Driver/Src/stm32l4xx_hal_gpio.o
 .debug_str     0x000f931d    0xf0ab9 ./Drivers/STM32L4xx_HAL_Driver/Src/stm32l4xx_hal_i2c.o
 .debug_str     0x000f931d    0xefdc5 ./Drivers/STM32L4xx_HAL_Driver/Src/stm32l4xx_hal_i2c_ex.o
 .debug_str     0x000f931d    0xefe13 ./Drivers/STM32L4xx_HAL_Driver/Src/stm32l4xx_hal_pwr_ex.o
 .debug_str     0x000f931d    0xefefe ./Drivers/STM32L4xx_HAL_Driver/Src/stm32l4xx_hal_rcc.o
 .debug_str     0x000f931d    0xf0089 ./Drivers/STM32L4xx_HAL_Driver/Src/stm32l4xx_hal_rcc_ex.o
 .debug_str     0x000f931d    0xf00d3 ./Drivers/STM32L4xx_HAL_Driver/Src/stm32l4xx_hal_spi.o
 .debug_str     0x000f931d    0xf0c0a ./Drivers/STM32L4xx_HAL_Driver/Src/stm32l4xx_hal_tim.o
 .debug_str     0x000f931d    0xf051e ./Drivers/STM32L4xx_HAL_Driver/Src/stm32l4xx_hal_tim_ex.o
 .debug_str     0x000f931d    0xf0610 ./Drivers/STM32L4xx_HAL_Driver/Src/stm32l4xx_hal_uart.o

.comment        0x00000000       0x43
 .comment       0x00000000       0x43 ./Core/Src/TRSensors.o
                                 0x44 (size before relaxing)
 .comment       0x00000043       0x44 ./Core/Src/gpio.o
 .comment       0x00000043       0x44 ./Core/Src/i2c.o
 .comment       0x00000043       0x44 ./Core/Src/line_follower.o
 .comment       0x00000043       0x44 ./Core/Src/main.o
 .comment       0x00000043       0x44 ./Core/Src/motor.o
 .comment       0x00000043       0x44 ./Core/Src/pcf8574.o
 .comment       0x00000043       0x44 ./Core/Src/spi.o
 .comment       0x00000043       0x44 ./Core/Src/stm32l4xx_hal_msp.o
 .comment       0x00000043       0x44 ./Core/Src/stm32l4xx_it.o
 .comment       0x00000043       0x44 ./Core/Src/system_stm32l4xx.o
 .comment       0x00000043       0x44 ./Core/Src/tim.o
 .comment       0x00000043       0x44 ./Core/Src/ultrasonic.o
 .comment       0x00000043       0x44 ./Core/Src/usart.o
 .comment       0x00000043       0x44 ./Drivers/STM32L4xx_HAL_Driver/Src/stm32l4xx_hal.o
 .comment       0x00000043       0x44 ./Drivers/STM32L4xx_HAL_Driver/Src/stm32l4xx_hal_cortex.o
 .comment       0x00000043       0x44 ./Drivers/STM32L4xx_HAL_Driver/Src/stm32l4xx_hal_gpio.o
 .comment       0x00000043       0x44 ./Drivers/STM32L4xx_HAL_Driver/Src/stm32l4xx_hal_i2c.o
 .comment       0x00000043       0x44 ./Drivers/STM32L4xx_HAL_Driver/Src/stm32l4xx_hal_i2c_ex.o
 .comment       0x00000043       0x44 ./Drivers/STM32L4xx_HAL_Driver/Src/stm32l4xx_hal_pwr_ex.o
 .comment       0x00000043       0x44 ./Drivers/STM32L4xx_HAL_Driver/Src/stm32l4xx_hal_rcc.o
 .comment       0x00000043       0x44 ./Drivers/STM32L4xx_HAL_Driver/Src/stm32l4xx_hal_rcc_ex.o
 .comment       0x00000043       0x44 ./Drivers/STM32L4xx_HAL_Driver/Src/stm32l4xx_hal_spi.o
 .comment       0x00000043       0x44 ./Drivers/STM32L4xx_HAL_Driver/Src/stm32l4xx_hal_tim.o
 .comment       0x00000043       0x44 ./Drivers/STM32L4xx_HAL_Driver/Src/stm32l4xx_hal_tim_ex.o
 .comment       0x00000043       0x44 ./Drivers/STM32L4xx_HAL_Driver/Src/stm32l4xx_hal_uart.o

.debug_frame    0x00000000     0x55b8
 .debug_frame   0x00000000       0x78 ./Core/Src/TRSensors.o
 .debug_frame   0x00000078       0x34 ./Core/Src/gpio.o
 .debug_frame   0x000000ac       0x78 ./Core/Src/i2c.o
 .debug_frame   0x00000124       0x7c ./Core/Src/line_follower.o
 .debug_frame   0x000001a0       0x8c ./Core/Src/main.o
 .debug_frame   0x0000022c       0x70 ./Core/Src/motor.o
 .debug_frame   0x0000029c       0xc4 ./Core/Src/pcf8574.o
 .debug_frame   0x00000360       0x74 ./Core/Src/spi.o
 .debug_frame   0x000003d4       0x38 ./Core/Src/stm32l4xx_hal_msp.o
 .debug_frame   0x0000040c      0x104 ./Core/Src/stm32l4xx_it.o
 .debug_frame   0x00000510       0x58 ./Core/Src/system_stm32l4xx.o
 .debug_frame   0x00000568       0xcc ./Core/Src/tim.o
 .debug_frame   0x00000634       0x84 ./Core/Src/ultrasonic.o
 .debug_frame   0x000006b8       0x94 ./Core/Src/usart.o
 .debug_frame   0x0000074c      0x498 ./Drivers/STM32L4xx_HAL_Driver/Src/stm32l4xx_hal.o
 .debug_frame   0x00000be4      0x4e8 ./Drivers/STM32L4xx_HAL_Driver/Src/stm32l4xx_hal_cortex.o
 .debug_frame   0x000010cc      0x14c ./Drivers/STM32L4xx_HAL_Driver/Src/stm32l4xx_hal_gpio.o
 .debug_frame   0x00001218      0xc38 ./Drivers/STM32L4xx_HAL_Driver/Src/stm32l4xx_hal_i2c.o
 .debug_frame   0x00001e50      0x100 ./Drivers/STM32L4xx_HAL_Driver/Src/stm32l4xx_hal_i2c_ex.o
 .debug_frame   0x00001f50      0x584 ./Drivers/STM32L4xx_HAL_Driver/Src/stm32l4xx_hal_pwr_ex.o
 .debug_frame   0x000024d4      0x21c ./Drivers/STM32L4xx_HAL_Driver/Src/stm32l4xx_hal_rcc.o
 .debug_frame   0x000026f0      0x2fc ./Drivers/STM32L4xx_HAL_Driver/Src/stm32l4xx_hal_rcc_ex.o
 .debug_frame   0x000029ec      0x860 ./Drivers/STM32L4xx_HAL_Driver/Src/stm32l4xx_hal_spi.o
 .debug_frame   0x0000324c     0x121c ./Drivers/STM32L4xx_HAL_Driver/Src/stm32l4xx_hal_tim.o
 .debug_frame   0x00004468      0x6b0 ./Drivers/STM32L4xx_HAL_Driver/Src/stm32l4xx_hal_tim_ex.o
 .debug_frame   0x00004b18      0x9f4 ./Drivers/STM32L4xx_HAL_Driver/Src/stm32l4xx_hal_uart.o
 .debug_frame   0x0000550c       0x20 D:/05_Desarrollo_y_Codigo/03_Recursos_y_Config/CubeIDESTM32/STM32CubeIDE_1.19.0/STM32CubeIDE/plugins/com.st.stm32cube.ide.mcu.externaltools.gnu-tools-for-stm32.13.3.rel1.win32_1.0.0.202411081344/tools/bin/../lib/gcc/arm-none-eabi/13.3.1/../../../../arm-none-eabi/lib/thumb/v7e-m+fp/hard\libc_nano.a(libc_a-memset.o)
 .debug_frame   0x0000552c       0x2c D:/05_Desarrollo_y_Codigo/03_Recursos_y_Config/CubeIDESTM32/STM32CubeIDE_1.19.0/STM32CubeIDE/plugins/com.st.stm32cube.ide.mcu.externaltools.gnu-tools-for-stm32.13.3.rel1.win32_1.0.0.202411081344/tools/bin/../lib/gcc/arm-none-eabi/13.3.1/../../../../arm-none-eabi/lib/thumb/v7e-m+fp/hard\libc_nano.a(libc_a-init.o)
 .debug_frame   0x00005558       0x2c D:/05_Desarrollo_y_Codigo/03_Recursos_y_Config/CubeIDESTM32/STM32CubeIDE_1.19.0/STM32CubeIDE/plugins/com.st.stm32cube.ide.mcu.externaltools.gnu-tools-for-stm32.13.3.rel1.win32_1.0.0.202411081344/tools/bin/../lib/gcc/arm-none-eabi/13.3.1/thumb/v7e-m+fp/hard\libgcc.a(_aeabi_uldivmod.o)
 .debug_frame   0x00005584       0x34 D:/05_Desarrollo_y_Codigo/03_Recursos_y_Config/CubeIDESTM32/STM32CubeIDE_1.19.0/STM32CubeIDE/plugins/com.st.stm32cube.ide.mcu.externaltools.gnu-tools-for-stm32.13.3.rel1.win32_1.0.0.202411081344/tools/bin/../lib/gcc/arm-none-eabi/13.3.1/thumb/v7e-m+fp/hard\libgcc.a(_udivmoddi4.o)

.debug_line_str
                0x00000000       0xad
 .debug_line_str
                0x00000000       0xad ./Core/Startup/startup_stm32l476rgtx.o
