Archive member included to satisfy reference by file (symbol)

D:/05_Desarrollo_y_Codigo/03_Recursos_y_Config/CubeIDESTM32/STM32CubeIDE_1.19.0/STM32CubeIDE/plugins/com.st.stm32cube.ide.mcu.externaltools.gnu-tools-for-stm32.13.3.rel1.win32_1.0.0.202411081344/tools/bin/../lib/gcc/arm-none-eabi/13.3.1/../../../../arm-none-eabi/lib/thumb/v7e-m+fp/hard\libc_nano.a(libc_a-exit.o)
                              D:/05_Desarrollo_y_Codigo/03_Recursos_y_Config/CubeIDESTM32/STM32CubeIDE_1.19.0/STM32CubeIDE/plugins/com.st.stm32cube.ide.mcu.externaltools.gnu-tools-for-stm32.13.3.rel1.win32_1.0.0.202411081344/tools/bin/../lib/gcc/arm-none-eabi/13.3.1/../../../../arm-none-eabi/lib/thumb/v7e-m+fp/hard/crt0.o (exit)
D:/05_Desarrollo_y_Codigo/03_Recursos_y_Config/CubeIDESTM32/STM32CubeIDE_1.19.0/STM32CubeIDE/plugins/com.st.stm32cube.ide.mcu.externaltools.gnu-tools-for-stm32.13.3.rel1.win32_1.0.0.202411081344/tools/bin/../lib/gcc/arm-none-eabi/13.3.1/../../../../arm-none-eabi/lib/thumb/v7e-m+fp/hard\libc_nano.a(libc_a-findfp.o)
                              D:/05_Desarrollo_y_Codigo/03_Recursos_y_Config/CubeIDESTM32/STM32CubeIDE_1.19.0/STM32CubeIDE/plugins/com.st.stm32cube.ide.mcu.externaltools.gnu-tools-for-stm32.13.3.rel1.win32_1.0.0.202411081344/tools/bin/../lib/gcc/arm-none-eabi/13.3.1/../../../../arm-none-eabi/lib/thumb/v7e-m+fp/hard\libc_nano.a(libc_a-exit.o) (__stdio_exit_handler)
D:/05_Desarrollo_y_Codigo/03_Recursos_y_Config/CubeIDESTM32/STM32CubeIDE_1.19.0/STM32CubeIDE/plugins/com.st.stm32cube.ide.mcu.externaltools.gnu-tools-for-stm32.13.3.rel1.win32_1.0.0.202411081344/tools/bin/../lib/gcc/arm-none-eabi/13.3.1/../../../../arm-none-eabi/lib/thumb/v7e-m+fp/hard\libc_nano.a(libc_a-fwalk.o)
                              D:/05_Desarrollo_y_Codigo/03_Recursos_y_Config/CubeIDESTM32/STM32CubeIDE_1.19.0/STM32CubeIDE/plugins/com.st.stm32cube.ide.mcu.externaltools.gnu-tools-for-stm32.13.3.rel1.win32_1.0.0.202411081344/tools/bin/../lib/gcc/arm-none-eabi/13.3.1/../../../../arm-none-eabi/lib/thumb/v7e-m+fp/hard\libc_nano.a(libc_a-findfp.o) (_fwalk_sglue)
D:/05_Desarrollo_y_Codigo/03_Recursos_y_Config/CubeIDESTM32/STM32CubeIDE_1.19.0/STM32CubeIDE/plugins/com.st.stm32cube.ide.mcu.externaltools.gnu-tools-for-stm32.13.3.rel1.win32_1.0.0.202411081344/tools/bin/../lib/gcc/arm-none-eabi/13.3.1/../../../../arm-none-eabi/lib/thumb/v7e-m+fp/hard\libc_nano.a(libc_a-stdio.o)
                              D:/05_Desarrollo_y_Codigo/03_Recursos_y_Config/CubeIDESTM32/STM32CubeIDE_1.19.0/STM32CubeIDE/plugins/com.st.stm32cube.ide.mcu.externaltools.gnu-tools-for-stm32.13.3.rel1.win32_1.0.0.202411081344/tools/bin/../lib/gcc/arm-none-eabi/13.3.1/../../../../arm-none-eabi/lib/thumb/v7e-m+fp/hard\libc_nano.a(libc_a-findfp.o) (__sread)
D:/05_Desarrollo_y_Codigo/03_Recursos_y_Config/CubeIDESTM32/STM32CubeIDE_1.19.0/STM32CubeIDE/plugins/com.st.stm32cube.ide.mcu.externaltools.gnu-tools-for-stm32.13.3.rel1.win32_1.0.0.202411081344/tools/bin/../lib/gcc/arm-none-eabi/13.3.1/../../../../arm-none-eabi/lib/thumb/v7e-m+fp/hard\libc_nano.a(libc_a-memset.o)
                              D:/05_Desarrollo_y_Codigo/03_Recursos_y_Config/CubeIDESTM32/STM32CubeIDE_1.19.0/STM32CubeIDE/plugins/com.st.stm32cube.ide.mcu.externaltools.gnu-tools-for-stm32.13.3.rel1.win32_1.0.0.202411081344/tools/bin/../lib/gcc/arm-none-eabi/13.3.1/../../../../arm-none-eabi/lib/thumb/v7e-m+fp/hard/crt0.o (memset)
D:/05_Desarrollo_y_Codigo/03_Recursos_y_Config/CubeIDESTM32/STM32CubeIDE_1.19.0/STM32CubeIDE/plugins/com.st.stm32cube.ide.mcu.externaltools.gnu-tools-for-stm32.13.3.rel1.win32_1.0.0.202411081344/tools/bin/../lib/gcc/arm-none-eabi/13.3.1/../../../../arm-none-eabi/lib/thumb/v7e-m+fp/hard\libc_nano.a(libc_a-closer.o)
                              D:/05_Desarrollo_y_Codigo/03_Recursos_y_Config/CubeIDESTM32/STM32CubeIDE_1.19.0/STM32CubeIDE/plugins/com.st.stm32cube.ide.mcu.externaltools.gnu-tools-for-stm32.13.3.rel1.win32_1.0.0.202411081344/tools/bin/../lib/gcc/arm-none-eabi/13.3.1/../../../../arm-none-eabi/lib/thumb/v7e-m+fp/hard\libc_nano.a(libc_a-stdio.o) (_close_r)
D:/05_Desarrollo_y_Codigo/03_Recursos_y_Config/CubeIDESTM32/STM32CubeIDE_1.19.0/STM32CubeIDE/plugins/com.st.stm32cube.ide.mcu.externaltools.gnu-tools-for-stm32.13.3.rel1.win32_1.0.0.202411081344/tools/bin/../lib/gcc/arm-none-eabi/13.3.1/../../../../arm-none-eabi/lib/thumb/v7e-m+fp/hard\libc_nano.a(libc_a-reent.o)
                              D:/05_Desarrollo_y_Codigo/03_Recursos_y_Config/CubeIDESTM32/STM32CubeIDE_1.19.0/STM32CubeIDE/plugins/com.st.stm32cube.ide.mcu.externaltools.gnu-tools-for-stm32.13.3.rel1.win32_1.0.0.202411081344/tools/bin/../lib/gcc/arm-none-eabi/13.3.1/../../../../arm-none-eabi/lib/thumb/v7e-m+fp/hard\libc_nano.a(libc_a-closer.o) (errno)
[...]
Memory Configuration

Name             Origin             Length             Attributes
RAM              0x20000000         0x00018000         xrw
RAM2             0x10000000         0x00008000         xrw
FLASH            0x08000000         0x00100000         xr
*default*        0x00000000         0xffffffff

Linker script and memory map

LOAD D:/05_Desarrollo_y_Codigo/03_Recursos_y_Config/CubeIDESTM32/STM32CubeIDE_1.19.0/STM32CubeIDE/plugins/com.st.stm32cube.ide.mcu.externaltools.gnu-tools-for-stm32.13.3.rel1.win32_1.0.0.202411081344/tools/bin/../lib/gcc/arm-none-eabi/13.3.1/thumb/v7e-m+fp/hard/crti.o
LOAD D:/05_Desarrollo_y_Codigo/03_Recursos_y_Config/CubeIDESTM32/STM32CubeIDE_1.19.0/STM32CubeIDE/plugins/com.st.stm32cube.ide.mcu.externaltools.gnu-tools-for-stm32.13.3.rel1.win32_1.0.0.202411081344/tools/bin/../lib/gcc/arm-none-eabi/13.3.1/thumb/v7e-m+fp/hard/crtbegin.o
LOAD D:/05_Desarrollo_y_Codigo/03_Recursos_y_Config/CubeIDESTM32/STM32CubeIDE_1.19.0/STM32CubeIDE/plugins/com.st.stm32cube.ide.mcu.externaltools.gnu-tools-for-stm32.13.3.rel1.win32_1.0.0.202411081344/tools/bin/../lib/gcc/arm-none-eabi/13.3.1/../../../../arm-none-eabi/lib/thumb/v7e-m+fp/hard/crt0.o
LOAD ./Core/Src/gpio.o
LOAD ./Core/Src/main.o
LOAD ./Core/Src/motor.o
LOAD ./Core/Src/stm32l4xx_hal_msp.o
LOAD ./Core/Src/stm32l4xx_it.o
LOAD ./Core/Src/syscalls.o
LOAD ./Core/Src/sysmem.o
LOAD ./Core/Src/system_stm32l4xx.o
LOAD ./Core/Src/tim.o
LOAD ./Core/Src/ultrasonic.o
LOAD ./Core/Src/usart.o
LOAD ./Core/Startup/startup_stm32l476rgtx.o
LOAD ./Drivers/STM32L4xx_HAL_Driver/Src/stm32l4xx_hal.o
LOAD ./Drivers/STM32L4xx_HAL_Driver/Src/stm32l4xx_hal_cortex.o
LOAD ./Drivers/STM32L4xx_HAL_Driver/Src/stm32l4xx_hal_dma.o
LOAD ./Drivers/STM32L4xx_HAL_Driver/Src/stm32l4xx_hal_dma_ex.o
LOAD ./Drivers/STM32L4xx_HAL_Driver/Src/stm32l4xx_hal_exti.o
LOAD ./Drivers/STM32L4xx_HAL_Driver/Src/stm32l4xx_hal_flash.o
LOAD ./Drivers/STM32L4xx_HAL_Driver/Src/stm32l4xx_hal_flash_ex.o
LOAD ./Drivers/STM32L4xx_HAL_Driver/Src/stm32l4xx_hal_flash_ramfunc.o
LOAD ./Drivers/STM32L4xx_HAL_Driver/Src/stm32l4xx_hal_gpio.o
LOAD ./Drivers/STM32L4xx_HAL_Driver/Src/stm32l4xx_hal_i2c.o
LOAD ./Drivers/STM32L4xx_HAL_Driver/Src/stm32l4xx_hal_i2c_ex.o
LOAD ./Drivers/STM32L4xx_HAL_Driver/Src/stm32l4xx_hal_pwr.o
LOAD ./Drivers/STM32L4xx_HAL_Driver/Src/stm32l4xx_hal_pwr_ex.o
LOAD ./Drivers/STM32L4xx_HAL_Driver/Src/stm32l4xx_hal_rcc.o
LOAD ./Drivers/STM32L4xx_HAL_Driver/Src/stm32l4xx_hal_rcc_ex.o
LOAD ./Drivers/STM32L4xx_HAL_Driver/Src/stm32l4xx_hal_tim.o
LOAD ./Drivers/STM32L4xx_HAL_Driver/Src/stm32l4xx_hal_tim_ex.o
LOAD ./Drivers/STM32L4xx_HAL_Driver/Src/stm32l4xx_hal_uart.o
LOAD ./Drivers/STM32L4xx_HAL_Driver/Src/stm32l4xx_hal_uart_ex.o
START GROUP
LOAD D:/05_Desarrollo_y_Codigo/03_Recursos_y_Config/CubeIDESTM32/STM32CubeIDE_1.19.0/STM32CubeIDE/plugins/com.st.stm32cube.ide.mcu.externaltools.gnu-tools-for-stm32.13.3.rel1.win32_1.0.0.202411081344/tools/bin/../lib/gcc/arm-none-eabi/13.3.1/../../../../arm-none-eabi/lib/thumb/v7e-m+fp/hard\libc_nano.a
LOAD D:/05_Desarrollo_y_Codigo/03_Recursos_y_Config/CubeIDESTM32/STM32CubeIDE_1.19.0/STM32CubeIDE/plugins/com.st.stm32cube.ide.mcu.externaltools.gnu-tools-for-stm32.13.3.rel1.win32_1.0.0.202411081344/tools/bin/../lib/gcc/arm-none-eabi/13.3.1/../../../../arm-none-eabi/lib/thumb/v7e-m+fp/hard\libm.a
END GROUP
START GROUP
LOAD D:/05_Desarrollo_y_Codigo/03_Recursos_y_Config/CubeIDESTM32/STM32CubeIDE_1.19.0/STM32CubeIDE/plugins/com.st.stm32cube.ide.mcu.externaltools.gnu-tools-for-stm32.13.3.rel1.win32_1.0.0.202411081344/tools/bin/../lib/gcc/arm-none-eabi/13.3.1/thumb/v7e-m+fp/hard\libgcc.a
LOAD D:/05_Desarrollo_y_Codigo/03_Recursos_y_Config/CubeIDESTM32/STM32CubeIDE_1.19.0/STM32CubeIDE/plugins/com.st.stm32cube.ide.mcu.externaltools.gnu-tools-for-stm32.13.3.rel1.win32_1.0.0.202411081344/tools/bin/../lib/gcc/arm-none-eabi/13.3.1/../../../../arm-none-eabi/lib/thumb/v7e-m+fp/hard\libc_nano.a
END GROUP
START GROUP
LOAD D:/05_Desarrollo_y_Codigo/03_Recursos_y_Config/CubeIDESTM32/STM32CubeIDE_1.19.0/STM32CubeIDE/plugins/com.st.stm32cube.ide.mcu.externaltools.gnu-tools-for-stm32.13.3.rel1.win32_1.0.0.202411081344/tools/bin/../lib/gcc/arm-none-eabi/13.3.1/thumb/v7e-m+fp/hard\libgcc.a
LOAD D:/05_Desarrollo_y_Codigo/03_Recursos_y_Config/CubeIDESTM32/STM32CubeIDE_1.19.0/STM32CubeIDE/plugins/com.st.stm32cube.ide.mcu.externaltools.gnu-tools-for-stm32.13.3.rel1.win32_1.0.0.202411081344/tools/bin/../lib/gcc/arm-none-eabi/13.3.1/../../../../arm-none-eabi/lib/thumb/v7e-m+fp/hard\libc_nano.a
LOAD D:/05_Desarrollo_y_Codigo/03_Recursos_y_Config/CubeIDESTM32/STM32CubeIDE_1.19.0/STM32CubeIDE/plugins/com.st.stm32cube.ide.mcu.externaltools.gnu-tools-for-stm32.13.3.rel1.win32_1.0.0.202411081344/tools/bin/../lib/gcc/arm-none-eabi/13.3.1/../../../../arm-none-eabi/lib/thumb/v7e-m+fp/hard\libnosys.a
END GROUP
START GROUP
LOAD D:/05_Desarrollo_y_Codigo/03_Recursos_y_Config/CubeIDESTM32/STM32CubeIDE_1.19.0/STM32CubeIDE/plugins/com.st.stm32cube.ide.mcu.externaltools.gnu-tools-for-stm32.13.3.rel1.win32_1.0.0.202411081344/tools/bin/../lib/gcc/arm-none-eabi/13.3.1/thumb/v7e-m+fp/hard\libgcc.a
LOAD D:/05_Desarrollo_y_Codigo/03_Recursos_y_Config/CubeIDESTM32/STM32CubeIDE_1.19.0/STM32CubeIDE/plugins/com.st.stm32cube.ide.mcu.externaltools.gnu-tools-for-stm32.13.3.rel1.win32_1.0.0.202411081344/tools/bin/../lib/gcc/arm-none-eabi/13.3.1/../../../../arm-none-eabi/lib/thumb/v7e-m+fp/hard\libc_nano.a
LOAD D:/05_Desarrollo_y_Codigo/03_Recursos_y_Config/CubeIDESTM32/STM32CubeIDE_1.19.0/STM32CubeIDE/plugins/com.st.stm32cube.ide.mcu.externaltools.gnu-tools-for-stm32.13.3.rel1.win32_1.0.0.202411081344/tools/bin/../lib/gcc/arm-none-eabi/13.3.1/../../../../arm-none-eabi/lib/thumb/v7e-m+fp/hard\libnosys.a
END GROUP
LOAD D:/05_Desarrollo_y_Codigo/03_Recursos_y_Config/CubeIDESTM32/STM32CubeIDE_1.19.0/STM32CubeIDE/plugins/com.st.stm32cube.ide.mcu.externaltools.gnu-tools-for-stm32.13.3.rel1.win32_1.0.0.202411081344/tools/bin/../lib/gcc/arm-none-eabi/13.3.1/thumb/v7e-m+fp/hard/crtend.o
LOAD D:/05_Desarrollo_y_Codigo/03_Recursos_y_Config/CubeIDESTM32/STM32CubeIDE_1.19.0/STM32CubeIDE/plugins/com.st.stm32cube.ide.mcu.externaltools.gnu-tools-for-stm32.13.3.rel1.win32_1.0.0.202411081344/tools/bin/../lib/gcc/arm-none-eabi/13.3.1/thumb/v7e-m+fp/hard/crtn.o
                0x20018000                        _estack = (ORIGIN (RAM) + LENGTH (RAM))
                0x00000200                        _Min_Heap_Size = 0x200
                0x00000400                        _Min_Stack_Size = 0x400

.isr_vector     0x08000000      0x188
                0x08000000                        . = ALIGN (0x4)
 *(.isr_vector)
 .isr_vector    0x08000000      0x188 ./Core/Startup/startup_stm32l476rgtx.o
                0x08000000                g_pfnVectors
                0x08000188                        . = ALIGN (0x4)

.text           0x08000188     0x4244
                0x08000188                        . = ALIGN (0x4)
 *(.text)
 .text          0x08000188       0x40 D:/05_Desarrollo_y_Codigo/03_Recursos_y_Config/CubeIDESTM32/STM32CubeIDE_1.19.0/STM32CubeIDE/plugins/com.st.stm32cube.ide.mcu.externaltools.gnu-tools-for-stm32.13.3.rel1.win32_1.0.0.202411081344/tools/bin/../lib/gcc/arm-none-eabi/13.3.1/thumb/v7e-m+fp/hard/crtbegin.o
 .text          0x080001c8       0x30 D:/05_Desarrollo_y_Codigo/03_Recursos_y_Config/CubeIDESTM32/STM32CubeIDE_1.19.0/STM32CubeIDE/plugins/com.st.stm32cube.ide.mcu.externaltools.gnu-tools-for-stm32.13.3.rel1.win32_1.0.0.202411081344/tools/bin/../lib/gcc/arm-none-eabi/13.3.1/thumb/v7e-m+fp/hard\libgcc.a(_aeabi_uldivmod.o)
                0x080001c8                __aeabi_uldivmod
 .text          0x080001f8      0x2f8 D:/05_Desarrollo_y_Codigo/03_Recursos_y_Config/CubeIDESTM32/STM32CubeIDE_1.19.0/STM32CubeIDE/plugins/com.st.stm32cube.ide.mcu.externaltools.gnu-tools-for-stm32.13.3.rel1.win32_1.0.0.202411081344/tools/bin/../lib/gcc/arm-none-eabi/13.3.1/thumb/v7e-m+fp/hard\libgcc.a(_udivmoddi4.o)
                0x080001f8                __udivmoddi4
 .text          0x080004f0        0x4 D:/05_Desarrollo_y_Codigo/03_Recursos_y_Config/CubeIDESTM32/STM32CubeIDE_1.19.0/STM32CubeIDE/plugins/com.st.stm32cube.ide.mcu.externaltools.gnu-tools-for-stm32.13.3.rel1.win32_1.0.0.202411081344/tools/bin/../lib/gcc/arm-none-eabi/13.3.1/thumb/v7e-m+fp/hard\libgcc.a(_dvmd_tls.o)
                0x080004f0                __aeabi_idiv0
                0x080004f0                __aeabi_ldiv0
 *(.text*)
 .text.MX_GPIO_Init
                0x080004f4      0x164 ./Core/Src/gpio.o
                0x080004f4                MX_GPIO_Init
 .text.main     0x08000658       0x68 ./Core/Src/main.o
                0x08000658                main
 .text.SystemClock_Config
                0x080006c0       0xa2 ./Core/Src/main.o
                0x080006c0                SystemClock_Config
 .text.Error_Handler
                0x08000762        0xc ./Core/Src/main.o
                0x08000762                Error_Handler
 *fill*         0x0800076e        0x2 
 .text.Motor_Init
                0x08000770       0x20 ./Core/Src/motor.o
                0x08000770                Motor_Init
 .text.Motor_Stop
                0x08000790       0x28 ./Core/Src/motor.o
                0x08000790                Motor_Stop
 .text.Moteur_Set
                0x080007b8       0xc4 ./Core/Src/motor.o
                0x080007b8                Moteur_Set
 .text.HAL_MspInit
                0x0800087c       0x48 ./Core/Src/stm32l4xx_hal_msp.o
                0x0800087c                HAL_MspInit
 .text.NMI_Handler
                0x080008c4        0x8 ./Core/Src/stm32l4xx_it.o
                0x080008c4                NMI_Handler
 .text.HardFault_Handler
                0x080008cc        0x8 ./Core/Src/stm32l4xx_it.o
                0x080008cc                HardFault_Handler
 .text.MemManage_Handler
                0x080008d4        0x8 ./Core/Src/stm32l4xx_it.o
                0x080008d4                MemManage_Handler
 .text.BusFault_Handler
                0x080008dc        0x8 ./Core/Src/stm32l4xx_it.o
                0x080008dc                BusFault_Handler
 .text.UsageFault_Handler
                0x080008e4        0x8 ./Core/Src/stm32l4xx_it.o
                0x080008e4                UsageFault_Handler
 .text.SVC_Handler
                0x080008ec        0xe ./Core/Src/stm32l4xx_it.o
                0x080008ec                SVC_Handler
 .text.DebugMon_Handler
                0x080008fa        0xe ./Core/Src/stm32l4xx_it.o
                0x080008fa                DebugMon_Handler
 .text.PendSV_Handler
                0x08000908        0xe ./Core/Src/stm32l4xx_it.o
                0x08000908                PendSV_Handler
 .text.SysTick_Handler
                0x08000916        0xc ./Core/Src/stm32l4xx_it.o
                0x08000916                SysTick_Handler
 *fill*         0x08000922        0x2 
 .text.SystemInit
                0x08000924       0x24 ./Core/Src/system_stm32l4xx.o
                0x08000924                SystemInit
 .text.MX_TIM2_Init
                0x08000948       0xb4 ./Core/Src/tim.o
                0x08000948                MX_TIM2_Init
 .text.MX_TIM3_Init
                0x080009fc       0xb4 ./Core/Src/tim.o
                0x080009fc                MX_TIM3_Init
 .text.HAL_TIM_PWM_MspInit
                0x08000ab0       0x64 ./Core/Src/tim.o
                0x08000ab0                HAL_TIM_PWM_MspInit
 .text.HAL_TIM_MspPostInit
                0x08000b14       0xb4 ./Core/Src/tim.o
                0x08000b14                HAL_TIM_MspPostInit
 .text.delay_us
                0x08000bc8       0x48 ./Core/Src/ultrasonic.o
 .text.Ultrasonic_Init
                0x08000c10       0x4c ./Core/Src/ultrasonic.o
                0x08000c10                Ultrasonic_Init
 .text.Ultrasonic_Read
                0x08000c5c      0x118 ./Core/Src/ultrasonic.o
                0x08000c5c                Ultrasonic_Read
 .text.MX_USART2_UART_Init
                0x08000d74       0x60 ./Core/Src/usart.o
                0x08000d74                MX_USART2_UART_Init
 .text.HAL_UART_MspInit
                0x08000dd4       0xb8 ./Core/Src/usart.o
                0x08000dd4                HAL_UART_MspInit
 .text.Reset_Handler
                0x08000e8c       0x50 ./Core/Startup/startup_stm32l476rgtx.o
                0x08000e8c                Reset_Handler
 .text.Default_Handler
                0x08000edc        0x2 ./Core/Startup/startup_stm32l476rgtx.o
                0x08000edc                RTC_Alarm_IRQHandler
                0x08000edc                EXTI2_IRQHandler
                0x08000edc                TIM8_TRG_COM_IRQHandler
                0x08000edc                TIM8_CC_IRQHandler
                0x08000edc                TIM1_CC_IRQHandler
                0x08000edc                TSC_IRQHandler
                0x08000edc                TAMP_STAMP_IRQHandler
                0x08000edc                EXTI3_IRQHandler
                0x08000edc                LPTIM2_IRQHandler
                0x08000edc                DFSDM1_FLT1_IRQHandler
                0x08000edc                I2C3_ER_IRQHandler
                0x08000edc                DFSDM1_FLT2_IRQHandler
                0x08000edc                EXTI0_IRQHandler
                0x08000edc                I2C2_EV_IRQHandler
                0x08000edc                CAN1_RX0_IRQHandler
                0x08000edc                FPU_IRQHandler
                0x08000edc                TIM1_UP_TIM16_IRQHandler
                0x08000edc                ADC1_2_IRQHandler
                0x08000edc                SPI1_IRQHandler
                0x08000edc                TIM6_DAC_IRQHandler
                0x08000edc                TIM8_UP_IRQHandler
                0x08000edc                DMA2_Channel2_IRQHandler
                0x08000edc                DMA1_Channel4_IRQHandler
                0x08000edc                SAI2_IRQHandler
                0x08000edc                DFSDM1_FLT3_IRQHandler
                0x08000edc                USART3_IRQHandler
                0x08000edc                DMA1_Channel7_IRQHandler
                0x08000edc                CAN1_RX1_IRQHandler
                0x08000edc                LCD_IRQHandler
                0x08000edc                UART5_IRQHandler
                0x08000edc                ADC3_IRQHandler
                0x08000edc                TIM4_IRQHandler
                0x08000edc                DMA2_Channel1_IRQHandler
                0x08000edc                QUADSPI_IRQHandler
                0x08000edc                I2C1_EV_IRQHandler
                0x08000edc                DMA1_Channel6_IRQHandler
                0x08000edc                UART4_IRQHandler
                0x08000edc                DMA2_Channel4_IRQHandler
                0x08000edc                TIM3_IRQHandler
                0x08000edc                RCC_IRQHandler
                0x08000edc                DMA1_Channel1_IRQHandler
                0x08000edc                Default_Handler
                0x08000edc                DMA2_Channel7_IRQHandler
                0x08000edc                EXTI15_10_IRQHandler
                0x08000edc                TIM7_IRQHandler
                0x08000edc                SDMMC1_IRQHandler
                0x08000edc                TIM5_IRQHandler
                0x08000edc                I2C3_EV_IRQHandler
                0x08000edc                EXTI9_5_IRQHandler
                0x08000edc                RTC_WKUP_IRQHandler
                0x08000edc                PVD_PVM_IRQHandler
                0x08000edc                SPI2_IRQHandler
                0x08000edc                CAN1_TX_IRQHandler
                0x08000edc                DMA2_Channel5_IRQHandler
                0x08000edc                DMA1_Channel5_IRQHandler
                0x08000edc                EXTI4_IRQHandler
                0x08000edc                RNG_IRQHandler
                0x08000edc                TIM1_TRG_COM_TIM17_IRQHandler
                0x08000edc                DMA1_Channel3_IRQHandler
                0x08000edc                COMP_IRQHandler
                0x08000edc                WWDG_IRQHandler
                0x08000edc                LPUART1_IRQHandler
                0x08000edc                DMA2_Channel6_IRQHandler
                0x08000edc                TIM2_IRQHandler
                0x08000edc                EXTI1_IRQHandler
                0x08000edc                USART2_IRQHandler
                0x08000edc                DFSDM1_FLT0_IRQHandler
                0x08000edc                I2C2_ER_IRQHandler
                0x08000edc                DMA1_Channel2_IRQHandler
                0x08000edc                TIM8_BRK_IRQHandler
                0x08000edc                CAN1_SCE_IRQHandler
                0x08000edc                FLASH_IRQHandler
                0x08000edc                USART1_IRQHandler
                0x08000edc                OTG_FS_IRQHandler
                0x08000edc                SPI3_IRQHandler
                0x08000edc                I2C1_ER_IRQHandler
                0x08000edc                FMC_IRQHandler
                0x08000edc                SWPMI1_IRQHandler
                0x08000edc                LPTIM1_IRQHandler
                0x08000edc                SAI1_IRQHandler
                0x08000edc                DMA2_Channel3_IRQHandler
                0x08000edc                TIM1_BRK_TIM15_IRQHandler
 *fill*         0x08000ede        0x2 
 .text.HAL_Init
                0x08000ee0       0x40 ./Drivers/STM32L4xx_HAL_Driver/Src/stm32l4xx_hal.o
                0x08000ee0                HAL_Init
 .text.HAL_InitTick
                0x08000f20       0x78 ./Drivers/STM32L4xx_HAL_Driver/Src/stm32l4xx_hal.o
                0x08000f20                HAL_InitTick
 .text.HAL_IncTick
                0x08000f98       0x28 ./Drivers/STM32L4xx_HAL_Driver/Src/stm32l4xx_hal.o
                0x08000f98                HAL_IncTick
 .text.HAL_GetTick
                0x08000fc0       0x18 ./Drivers/STM32L4xx_HAL_Driver/Src/stm32l4xx_hal.o
                0x08000fc0                HAL_GetTick
 .text.HAL_Delay
                0x08000fd8       0x48 ./Drivers/STM32L4xx_HAL_Driver/Src/stm32l4xx_hal.o
                0x08000fd8                HAL_Delay
 .text.__NVIC_SetPriorityGrouping
                0x08001020       0x48 ./Drivers/STM32L4xx_HAL_Driver/Src/stm32l4xx_hal_cortex.o
 .text.__NVIC_GetPriorityGrouping
                0x08001068       0x1c ./Drivers/STM32L4xx_HAL_Driver/Src/stm32l4xx_hal_cortex.o
 .text.__NVIC_SetPriority
                0x08001084       0x54 ./Drivers/STM32L4xx_HAL_Driver/Src/stm32l4xx_hal_cortex.o
 .text.NVIC_EncodePriority
                0x080010d8       0x66 ./Drivers/STM32L4xx_HAL_Driver/Src/stm32l4xx_hal_cortex.o
 *fill*         0x0800113e        0x2 
 .text.SysTick_Config
                0x08001140       0x44 ./Drivers/STM32L4xx_HAL_Driver/Src/stm32l4xx_hal_cortex.o
 .text.HAL_NVIC_SetPriorityGrouping
                0x08001184       0x16 ./Drivers/STM32L4xx_HAL_Driver/Src/stm32l4xx_hal_cortex.o
                0x08001184                HAL_NVIC_SetPriorityGrouping
 .text.HAL_NVIC_SetPriority
                0x0800119a       0x38 ./Drivers/STM32L4xx_HAL_Driver/Src/stm32l4xx_hal_cortex.o
                0x0800119a                HAL_NVIC_SetPriority
 .text.HAL_SYSTICK_Config
                0x080011d2       0x18 ./Drivers/STM32L4xx_HAL_Driver/Src/stm32l4xx_hal_cortex.o
                0x080011d2                HAL_SYSTICK_Config
 *fill*         0x080011ea        0x2 
 .text.HAL_GPIO_Init
                0x080011ec      0x354 ./Drivers/STM32L4xx_HAL_Driver/Src/stm32l4xx_hal_gpio.o
                0x080011ec                HAL_GPIO_Init
 .text.HAL_GPIO_ReadPin
                0x08001540       0x30 ./Drivers/STM32L4xx_HAL_Driver/Src/stm32l4xx_hal_gpio.o
                0x08001540                HAL_GPIO_ReadPin
 .text.HAL_GPIO_WritePin
                0x08001570       0x30 ./Drivers/STM32L4xx_HAL_Driver/Src/stm32l4xx_hal_gpio.o
                0x08001570                HAL_GPIO_WritePin
 .text.HAL_PWREx_GetVoltageRange
                0x080015a0       0x1c ./Drivers/STM32L4xx_HAL_Driver/Src/stm32l4xx_hal_pwr_ex.o
                0x080015a0                HAL_PWREx_GetVoltageRange
 .text.HAL_PWREx_ControlVoltageScaling
                0x080015bc       0xac ./Drivers/STM32L4xx_HAL_Driver/Src/stm32l4xx_hal_pwr_ex.o
                0x080015bc                HAL_PWREx_ControlVoltageScaling
 .text.HAL_RCC_OscConfig
                0x08001668      0x7b8 ./Drivers/STM32L4xx_HAL_Driver/Src/stm32l4xx_hal_rcc.o
                0x08001668                HAL_RCC_OscConfig
 .text.HAL_RCC_ClockConfig
                0x08001e20      0x200 ./Drivers/STM32L4xx_HAL_Driver/Src/stm32l4xx_hal_rcc.o
                0x08001e20                HAL_RCC_ClockConfig
 .text.HAL_RCC_GetSysClockFreq
                0x08002020      0x118 ./Drivers/STM32L4xx_HAL_Driver/Src/stm32l4xx_hal_rcc.o
                0x08002020                HAL_RCC_GetSysClockFreq
 .text.HAL_RCC_GetHCLKFreq
                0x08002138       0x18 ./Drivers/STM32L4xx_HAL_Driver/Src/stm32l4xx_hal_rcc.o
                0x08002138                HAL_RCC_GetHCLKFreq
 .text.HAL_RCC_GetPCLK1Freq
                0x08002150       0x2c ./Drivers/STM32L4xx_HAL_Driver/Src/stm32l4xx_hal_rcc.o
                0x08002150                HAL_RCC_GetPCLK1Freq
 .text.HAL_RCC_GetPCLK2Freq
                0x0800217c       0x2c ./Drivers/STM32L4xx_HAL_Driver/Src/stm32l4xx_hal_rcc.o
                0x0800217c                HAL_RCC_GetPCLK2Freq
 .text.RCC_SetFlashLatencyFromMSIRange
                0x080021a8       0xc0 ./Drivers/STM32L4xx_HAL_Driver/Src/stm32l4xx_hal_rcc.o
 .text.HAL_RCCEx_PeriphCLKConfig
                0x08002268      0x5d4 ./Drivers/STM32L4xx_HAL_Driver/Src/stm32l4xx_hal_rcc_ex.o
                0x08002268                HAL_RCCEx_PeriphCLKConfig
 .text.RCCEx_PLLSAI1_Config
                0x0800283c      0x1e8 ./Drivers/STM32L4xx_HAL_Driver/Src/stm32l4xx_hal_rcc_ex.o
 .text.RCCEx_PLLSAI2_Config
                0x08002a24      0x1bc ./Drivers/STM32L4xx_HAL_Driver/Src/stm32l4xx_hal_rcc_ex.o
 .text.HAL_TIM_PWM_Init
                0x08002be0       0xae ./Drivers/STM32L4xx_HAL_Driver/Src/stm32l4xx_hal_tim.o
                0x08002be0                HAL_TIM_PWM_Init
 *fill*         0x08002c8e        0x2 
 .text.HAL_TIM_PWM_Start
                0x08002c90      0x20c ./Drivers/STM32L4xx_HAL_Driver/Src/stm32l4xx_hal_tim.o
                0x08002c90                HAL_TIM_PWM_Start
 .text.HAL_TIM_PWM_ConfigChannel
                0x08002e9c      0x228 ./Drivers/STM32L4xx_HAL_Driver/Src/stm32l4xx_hal_tim.o
                0x08002e9c                HAL_TIM_PWM_ConfigChannel
 .text.TIM_Base_SetConfig
                0x080030c4      0x140 ./Drivers/STM32L4xx_HAL_Driver/Src/stm32l4xx_hal_tim.o
                0x080030c4                TIM_Base_SetConfig
 .text.TIM_OC1_SetConfig
                0x08003204      0x124 ./Drivers/STM32L4xx_HAL_Driver/Src/stm32l4xx_hal_tim.o
 .text.TIM_OC2_SetConfig
                0x08003328      0x118 ./Drivers/STM32L4xx_HAL_Driver/Src/stm32l4xx_hal_tim.o
                0x08003328                TIM_OC2_SetConfig
 .text.TIM_OC3_SetConfig
                0x08003440      0x114 ./Drivers/STM32L4xx_HAL_Driver/Src/stm32l4xx_hal_tim.o
 .text.TIM_OC4_SetConfig
                0x08003554       0xd4 ./Drivers/STM32L4xx_HAL_Driver/Src/stm32l4xx_hal_tim.o
 .text.TIM_OC5_SetConfig
                0x08003628       0xc8 ./Drivers/STM32L4xx_HAL_Driver/Src/stm32l4xx_hal_tim.o
 .text.TIM_OC6_SetConfig
                0x080036f0       0xcc ./Drivers/STM32L4xx_HAL_Driver/Src/stm32l4xx_hal_tim.o
 .text.TIM_CCxChannelCmd
                0x080037bc       0x4a ./Drivers/STM32L4xx_HAL_Driver/Src/stm32l4xx_hal_tim.o
                0x080037bc                TIM_CCxChannelCmd
 *fill*         0x08003806        0x2 
 .text.HAL_TIMEx_MasterConfigSynchronization
                0x08003808      0x110 ./Drivers/STM32L4xx_HAL_Driver/Src/stm32l4xx_hal_tim_ex.o
                0x08003808                HAL_TIMEx_MasterConfigSynchronization
 .text.HAL_UART_Init
                0x08003918       0x9c ./Drivers/STM32L4xx_HAL_Driver/Src/stm32l4xx_hal_uart.o
                0x08003918                HAL_UART_Init
 .text.UART_SetConfig
                0x080039b4      0x570 ./Drivers/STM32L4xx_HAL_Driver/Src/stm32l4xx_hal_uart.o
                0x080039b4                UART_SetConfig
 .text.UART_AdvFeatureConfig
                0x08003f24      0x144 ./Drivers/STM32L4xx_HAL_Driver/Src/stm32l4xx_hal_uart.o
                0x08003f24                UART_AdvFeatureConfig
 .text.UART_CheckIdleState
                0x08004068      0x150 ./Drivers/STM32L4xx_HAL_Driver/Src/stm32l4xx_hal_uart.o
                0x08004068                UART_CheckIdleState
 .text.UART_WaitOnFlagUntilTimeout
                0x080041b8       0xda ./Drivers/STM32L4xx_HAL_Driver/Src/stm32l4xx_hal_uart.o
                0x080041b8                UART_WaitOnFlagUntilTimeout
 .text.UART_EndRxTransfer
                0x08004292       0xc8 ./Drivers/STM32L4xx_HAL_Driver/Src/stm32l4xx_hal_uart.o
 .text.memset   0x0800435a       0x10 D:/05_Desarrollo_y_Codigo/03_Recursos_y_Config/CubeIDESTM32/STM32CubeIDE_1.19.0/STM32CubeIDE/plugins/com.st.stm32cube.ide.mcu.externaltools.gnu-tools-for-stm32.13.3.rel1.win32_1.0.0.202411081344/tools/bin/../lib/gcc/arm-none-eabi/13.3.1/../../../../arm-none-eabi/lib/thumb/v7e-m+fp/hard\libc_nano.a(libc_a-memset.o)
                0x0800435a                memset
 *fill*         0x0800436a        0x2 
 .text.__libc_init_array
                0x0800436c       0x48 D:/05_Desarrollo_y_Codigo/03_Recursos_y_Config/CubeIDESTM32/STM32CubeIDE_1.19.0/STM32CubeIDE/plugins/com.st.stm32cube.ide.mcu.externaltools.gnu-tools-for-stm32.13.3.rel1.win32_1.0.0.202411081344/tools/bin/../lib/gcc/arm-none-eabi/13.3.1/../../../../arm-none-eabi/lib/thumb/v7e-m+fp/hard\libc_nano.a(libc_a-init.o)
                0x0800436c                __libc_init_array
 *(.glue_7)
 .glue_7        0x080043b4        0x0 linker stubs
 *(.glue_7t)
 .glue_7t       0x080043b4        0x0 linker stubs
 *(.eh_frame)
 .eh_frame      0x080043b4        0x0 D:/05_Desarrollo_y_Codigo/03_Recursos_y_Config/CubeIDESTM32/STM32CubeIDE_1.19.0/STM32CubeIDE/plugins/com.st.stm32cube.ide.mcu.externaltools.gnu-tools-for-stm32.13.3.rel1.win32_1.0.0.202411081344/tools/bin/../lib/gcc/arm-none-eabi/13.3.1/thumb/v7e-m+fp/hard/crtbegin.o
 *(.init)
 .init          0x080043b4        0x4 D:/05_Desarrollo_y_Codigo/03_Recursos_y_Config/CubeIDESTM32/STM32CubeIDE_1.19.0/STM32CubeIDE/plugins/com.st.stm32cube.ide.mcu.externaltools.gnu-tools-for-stm32.13.3.rel1.win32_1.0.0.202411081344/tools/bin/../lib/gcc/arm-none-eabi/13.3.1/thumb/v7e-m+fp/hard/crti.o
                0x080043b4                _init
 .init          0x080043b8        0x8 D:/05_Desarrollo_y_Codigo/03_Recursos_y_Config/CubeIDESTM32/STM32CubeIDE_1.19.0/STM32CubeIDE/plugins/com.st.stm32cube.ide.mcu.externaltools.gnu-tools-for-stm32.13.3.rel1.win32_1.0.0.202411081344/tools/bin/../lib/gcc/arm-none-eabi/13.3.1/thumb/v7e-m+fp/hard/crtn.o
 *(.fini)
 .fini          0x080043c0        0x4 D:/05_Desarrollo_y_Codigo/03_Recursos_y_Config/CubeIDESTM32/STM32CubeIDE_1.19.0/STM32CubeIDE/plugins/com.st.stm32cube.ide.mcu.externaltools.gnu-tools-for-stm32.13.3.rel1.win32_1.0.0.202411081344/tools/bin/../lib/gcc/arm-none-eabi/13.3.1/thumb/v7e-m+fp/hard/crti.o
                0x080043c0                _fini
 .fini          0x080043c4        0x8 D:/05_Desarrollo_y_Codigo/03_Recursos_y_Config/CubeIDESTM32/STM32CubeIDE_1.19.0/STM32CubeIDE/plugins/com.st.stm32cube.ide.mcu.externaltools.gnu-tools-for-stm32.13.3.rel1.win32_1.0.0.202411081344/tools/bin/../lib/gcc/arm-none-eabi/13.3.1/thumb/v7e-m+fp/hard/crtn.o
                0x080043cc                        . = ALIGN (0x4)
                0x080043cc                        _etext = .

.vfp11_veneer   0x080043cc        0x0
 .vfp11_veneer  0x080043cc        0x0 linker stubs

.v4_bx          0x080043cc        0x0
 .v4_bx         0x080043cc        0x0 linker stubs

.iplt           0x080043cc        0x0
 .iplt          0x080043cc        0x0 D:/05_Desarrollo_y_Codigo/03_Recursos_y_Config/CubeIDESTM32/STM32CubeIDE_1.19.0/STM32CubeIDE/plugins/com.st.stm32cube.ide.mcu.externaltools.gnu-tools-for-stm32.13.3.rel1.win32_1.0.0.202411081344/tools/bin/../lib/gcc/arm-none-eabi/13.3.1/thumb/v7e-m+fp/hard/crtbegin.o

.rodata         0x080043cc       0x48
                0x080043cc                        . = ALIGN (0x4)
 *(.rodata)
 *(.rodata*)
 .rodata.AHBPrescTable
                0x080043cc       0x10 ./Core/Src/system_stm32l4xx.o
                0x080043cc                AHBPrescTable
 .rodata.APBPrescTable
                0x080043dc        0x8 ./Core/Src/system_stm32l4xx.o
                0x080043dc                APBPrescTable
 .rodata.MSIRangeTable
                0x080043e4       0x30 ./Core/Src/system_stm32l4xx.o
                0x080043e4                MSIRangeTable
                0x08004414                        . = ALIGN (0x4)

.ARM.extab      0x08004414        0x0
                0x08004414                        . = ALIGN (0x4)
 *(.ARM.extab* .gnu.linkonce.armextab.*)
                0x08004414                        . = ALIGN (0x4)

.ARM            0x08004414        0x8
                0x08004414                        . = ALIGN (0x4)
                0x08004414                        __exidx_start = .
 *(.ARM.exidx*)
 .ARM.exidx     0x08004414        0x8 D:/05_Desarrollo_y_Codigo/03_Recursos_y_Config/CubeIDESTM32/STM32CubeIDE_1.19.0/STM32CubeIDE/plugins/com.st.stm32cube.ide.mcu.externaltools.gnu-tools-for-stm32.13.3.rel1.win32_1.0.0.202411081344/tools/bin/../lib/gcc/arm-none-eabi/13.3.1/thumb/v7e-m+fp/hard\libgcc.a(_udivmoddi4.o)
                0x0800441c                        __exidx_end = .
                0x0800441c                        . = ALIGN (0x4)

.preinit_array  0x0800441c        0x0
                0x0800441c                        . = ALIGN (0x4)
                0x0800441c                        PROVIDE (__preinit_array_start = .)
 *(.preinit_array*)
                0x0800441c                        PROVIDE (__preinit_array_end = .)
                0x0800441c                        . = ALIGN (0x4)

.init_array     0x0800441c        0x4
                0x0800441c                        . = ALIGN (0x4)
                0x0800441c                        PROVIDE (__init_array_start = .)
 *(SORT_BY_NAME(.init_array.*))
 *(.init_array*)
 .init_array    0x0800441c        0x4 D:/05_Desarrollo_y_Codigo/03_Recursos_y_Config/CubeIDESTM32/STM32CubeIDE_1.19.0/STM32CubeIDE/plugins/com.st.stm32cube.ide.mcu.externaltools.gnu-tools-for-stm32.13.3.rel1.win32_1.0.0.202411081344/tools/bin/../lib/gcc/arm-none-eabi/13.3.1/thumb/v7e-m+fp/hard/crtbegin.o
                0x08004420                        PROVIDE (__init_array_end = .)
                0x08004420                        . = ALIGN (0x4)

.fini_array     0x08004420        0x4
                0x08004420                        . = ALIGN (0x4)
                [!provide]                        PROVIDE (__fini_array_start = .)
 *(SORT_BY_NAME(.fini_array.*))
 *(.fini_array*)
 .fini_array    0x08004420        0x4 D:/05_Desarrollo_y_Codigo/03_Recursos_y_Config/CubeIDESTM32/STM32CubeIDE_1.19.0/STM32CubeIDE/plugins/com.st.stm32cube.ide.mcu.externaltools.gnu-tools-for-stm32.13.3.rel1.win32_1.0.0.202411081344/tools/bin/../lib/gcc/arm-none-eabi/13.3.1/thumb/v7e-m+fp/hard/crtbegin.o
                [!provide]                        PROVIDE (__fini_array_end = .)
                0x08004424                        . = ALIGN (0x4)
                0x08004424                        _sidata = LOADADDR (.data)

.rel.dyn        0x08004424        0x0
 .rel.iplt      0x08004424        0x0 D:/05_Desarrollo_y_Codigo/03_Recursos_y_Config/CubeIDESTM32/STM32CubeIDE_1.19.0/STM32CubeIDE/plugins/com.st.stm32cube.ide.mcu.externaltools.gnu-tools-for-stm32.13.3.rel1.win32_1.0.0.202411081344/tools/bin/../lib/gcc/arm-none-eabi/13.3.1/thumb/v7e-m+fp/hard/crtbegin.o

.data           0x20000000       0x1c load address 0x08004424
                0x20000000                        . = ALIGN (0x4)
                0x20000000                        _sdata = .
 *(.data)
 *(.data*)
 .data.SystemCoreClock
                0x20000000        0x4 ./Core/Src/system_stm32l4xx.o
                0x20000000                SystemCoreClock
 .data.usecho_gpio
                0x20000004        0x4 ./Core/Src/ultrasonic.o
 .data.usecho_pin
                0x20000008        0x2 ./Core/Src/ultrasonic.o
 *fill*         0x2000000a        0x2 
 .data.ustrig_gpio
                0x2000000c        0x4 ./Core/Src/ultrasonic.o
 .data.ustrig_pin
                0x20000010        0x2 ./Core/Src/ultrasonic.o
 *fill*         0x20000012        0x2 
 .data.uwTickPrio
                0x20000014        0x4 ./Drivers/STM32L4xx_HAL_Driver/Src/stm32l4xx_hal.o
                0x20000014                uwTickPrio
 .data.uwTickFreq
                0x20000018        0x1 ./Drivers/STM32L4xx_HAL_Driver/Src/stm32l4xx_hal.o
                0x20000018                uwTickFreq
 *(.RamFunc)
 *(.RamFunc*)
                0x2000001c                        . = ALIGN (0x4)
 *fill*         0x20000019        0x3 
                0x2000001c                        _edata = .

.igot.plt       0x2000001c        0x0 load address 0x08004440
 .igot.plt      0x2000001c        0x0 D:/05_Desarrollo_y_Codigo/03_Recursos_y_Config/CubeIDESTM32/STM32CubeIDE_1.19.0/STM32CubeIDE/plugins/com.st.stm32cube.ide.mcu.externaltools.gnu-tools-for-stm32.13.3.rel1.win32_1.0.0.202411081344/tools/bin/../lib/gcc/arm-none-eabi/13.3.1/thumb/v7e-m+fp/hard/crtbegin.o
                0x2000001c                        . = ALIGN (0x4)

.bss            0x2000001c      0x140 load address 0x08004440
                0x2000001c                        _sbss = .
                0x2000001c                        __bss_start__ = _sbss
 *(.bss)
 .bss           0x2000001c       0x1c D:/05_Desarrollo_y_Codigo/03_Recursos_y_Config/CubeIDESTM32/STM32CubeIDE_1.19.0/STM32CubeIDE/plugins/com.st.stm32cube.ide.mcu.externaltools.gnu-tools-for-stm32.13.3.rel1.win32_1.0.0.202411081344/tools/bin/../lib/gcc/arm-none-eabi/13.3.1/thumb/v7e-m+fp/hard/crtbegin.o
 *(.bss*)
 .bss.htim2     0x20000038       0x4c ./Core/Src/tim.o
                0x20000038                htim2
 .bss.htim3     0x20000084       0x4c ./Core/Src/tim.o
                0x20000084                htim3
 .bss.huart2    0x200000d0       0x88 ./Core/Src/usart.o
                0x200000d0                huart2
 .bss.uwTick    0x20000158        0x4 ./Drivers/STM32L4xx_HAL_Driver/Src/stm32l4xx_hal.o
                0x20000158                uwTick
 *(COMMON)
                0x2000015c                        . = ALIGN (0x4)
                0x2000015c                        _ebss = .
                0x2000015c                        __bss_end__ = _ebss

._user_heap_stack
                0x2000015c      0x604 load address 0x08004440
                0x20000160                        . = ALIGN (0x8)
 *fill*         0x2000015c        0x4 
                [!provide]                        PROVIDE (end = .)
                0x20000160                        PROVIDE (_end = .)
                0x20000360                        . = (. + _Min_Heap_Size)
 *fill*         0x20000160      0x200 
                0x20000760                        . = (. + _Min_Stack_Size)
 *fill*         0x20000360      0x400 
                0x20000760                        . = ALIGN (0x8)

/DISCARD/
 libc.a(*)
 libm.a(*)
 libgcc.a(*)

.ARM.attributes
                0x00000000       0x30
 *(.ARM.attributes)
 .ARM.attributes
                0x00000000       0x22 D:/05_Desarrollo_y_Codigo/03_Recursos_y_Config/CubeIDESTM32/STM32CubeIDE_1.19.0/STM32CubeIDE/plugins/com.st.stm32cube.ide.mcu.externaltools.gnu-tools-for-stm32.13.3.rel1.win32_1.0.0.202411081344/tools/bin/../lib/gcc/arm-none-eabi/13.3.1/thumb/v7e-m+fp/hard/crti.o
 .ARM.attributes
                0x00000022       0x34 D:/05_Desarrollo_y_Codigo/03_Recursos_y_Config/CubeIDESTM32/STM32CubeIDE_1.19.0/STM32CubeIDE/plugins/com.st.stm32cube.ide.mcu.externaltools.gnu-tools-for-stm32.13.3.rel1.win32_1.0.0.202411081344/tools/bin/../lib/gcc/arm-none-eabi/13.3.1/thumb/v7e-m+fp/hard/crtbegin.o
 .ARM.attributes
                0x00000056       0x34 ./Core/Src/gpio.o
 .ARM.attributes
                0x0000008a       0x34 ./Core/Src/main.o
 .ARM.attributes
                0x000000be       0x34 ./Core/Src/motor.o
 .ARM.attributes
                0x000000f2       0x34 ./Core/Src/stm32l4xx_hal_msp.o
 .ARM.attributes
                0x00000126       0x34 ./Core/Src/stm32l4xx_it.o
 .ARM.attributes
                0x0000015a       0x34 ./Core/Src/system_stm32l4xx.o
 .ARM.attributes
                0x0000018e       0x34 ./Core/Src/tim.o
 .ARM.attributes
                0x000001c2       0x34 ./Core/Src/ultrasonic.o
 .ARM.attributes
                0x000001f6       0x34 ./Core/Src/usart.o
 .ARM.attributes
                0x0000022a       0x21 ./Core/Startup/startup_stm32l476rgtx.o
 .ARM.attributes
                0x0000024b       0x34 ./Drivers/STM32L4xx_HAL_Driver/Src/stm32l4xx_hal.o
 .ARM.attributes
                0x0000027f       0x34 ./Drivers/STM32L4xx_HAL_Driver/Src/stm32l4xx_hal_cortex.o
 .ARM.attributes
                0x000002b3       0x34 ./Drivers/STM32L4xx_HAL_Driver/Src/stm32l4xx_hal_gpio.o
 .ARM.attributes
                0x000002e7       0x34 ./Drivers/STM32L4xx_HAL_Driver/Src/stm32l4xx_hal_pwr_ex.o
 .ARM.attributes
                0x0000031b       0x34 ./Drivers/STM32L4xx_HAL_Driver/Src/stm32l4xx_hal_rcc.o
 .ARM.attributes
                0x0000034f       0x34 ./Drivers/STM32L4xx_HAL_Driver/Src/stm32l4xx_hal_rcc_ex.o
 .ARM.attributes
                0x00000383       0x34 ./Drivers/STM32L4xx_HAL_Driver/Src/stm32l4xx_hal_tim.o
 .ARM.attributes
                0x000003b7       0x34 ./Drivers/STM32L4xx_HAL_Driver/Src/stm32l4xx_hal_tim_ex.o
 .ARM.attributes
                0x000003eb       0x34 ./Drivers/STM32L4xx_HAL_Driver/Src/stm32l4xx_hal_uart.o
 .ARM.attributes
                0x0000041f       0x34 D:/05_Desarrollo_y_Codigo/03_Recursos_y_Config/CubeIDESTM32/STM32CubeIDE_1.19.0/STM32CubeIDE/plugins/com.st.stm32cube.ide.mcu.externaltools.gnu-tools-for-stm32.13.3.rel1.win32_1.0.0.202411081344/tools/bin/../lib/gcc/arm-none-eabi/13.3.1/../../../../arm-none-eabi/lib/thumb/v7e-m+fp/hard\libc_nano.a(libc_a-memset.o)
 .ARM.attributes
                0x00000453       0x34 D:/05_Desarrollo_y_Codigo/03_Recursos_y_Config/CubeIDESTM32/STM32CubeIDE_1.19.0/STM32CubeIDE/plugins/com.st.stm32cube.ide.mcu.externaltools.gnu-tools-for-stm32.13.3.rel1.win32_1.0.0.202411081344/tools/bin/../lib/gcc/arm-none-eabi/13.3.1/../../../../arm-none-eabi/lib/thumb/v7e-m+fp/hard\libc_nano.a(libc_a-init.o)
 .ARM.attributes
                0x00000487       0x22 D:/05_Desarrollo_y_Codigo/03_Recursos_y_Config/CubeIDESTM32/STM32CubeIDE_1.19.0/STM32CubeIDE/plugins/com.st.stm32cube.ide.mcu.externaltools.gnu-tools-for-stm32.13.3.rel1.win32_1.0.0.202411081344/tools/bin/../lib/gcc/arm-none-eabi/13.3.1/thumb/v7e-m+fp/hard\libgcc.a(_aeabi_uldivmod.o)
 .ARM.attributes
                0x000004a9       0x34 D:/05_Desarrollo_y_Codigo/03_Recursos_y_Config/CubeIDESTM32/STM32CubeIDE_1.19.0/STM32CubeIDE/plugins/com.st.stm32cube.ide.mcu.externaltools.gnu-tools-for-stm32.13.3.rel1.win32_1.0.0.202411081344/tools/bin/../lib/gcc/arm-none-eabi/13.3.1/thumb/v7e-m+fp/hard\libgcc.a(_udivmoddi4.o)
 .ARM.attributes
                0x000004dd       0x22 D:/05_Desarrollo_y_Codigo/03_Recursos_y_Config/CubeIDESTM32/STM32CubeIDE_1.19.0/STM32CubeIDE/plugins/com.st.stm32cube.ide.mcu.externaltools.gnu-tools-for-stm32.13.3.rel1.win32_1.0.0.202411081344/tools/bin/../lib/gcc/arm-none-eabi/13.3.1/thumb/v7e-m+fp/hard\libgcc.a(_dvmd_tls.o)
 .ARM.attributes
                0x000004ff       0x22 D:/05_Desarrollo_y_Codigo/03_Recursos_y_Config/CubeIDESTM32/STM32CubeIDE_1.19.0/STM32CubeIDE/plugins/com.st.stm32cube.ide.mcu.externaltools.gnu-tools-for-stm32.13.3.rel1.win32_1.0.0.202411081344/tools/bin/../lib/gcc/arm-none-eabi/13.3.1/thumb/v7e-m+fp/hard/crtn.o
OUTPUT(projet1.elf elf32-littlearm)
LOAD linker stubs
LOAD D:/05_Desarrollo_y_Codigo/03_Recursos_y_Config/CubeIDESTM32/STM32CubeIDE_1.19.0/STM32CubeIDE/plugins/com.st.stm32cube.ide.mcu.externaltools.gnu-tools-for-stm32.13.3.rel1.win32_1.0.0.202411081344/tools/bin/../lib/gcc/arm-none-eabi/13.3.1/../../../../arm-none-eabi/lib/thumb/v7e-m+fp/hard\libc.a
LOAD D:/05_Desarrollo_y_Codigo/03_Recursos_y_Config/CubeIDESTM32/STM32CubeIDE_1.19.0/STM32CubeIDE/plugins/com.st.stm32cube.ide.mcu.externaltools.gnu-tools-for-stm32.13.3.rel1.win32_1.0.0.202411081344/tools/bin/../lib/gcc/arm-none-eabi/13.3.1/../../../../arm-none-eabi/lib/thumb/v7e-m+fp/hard\libm.a
LOAD D:/05_Desarrollo_y_Codigo/03_Recursos_y_Config/CubeIDESTM32/STM32CubeIDE_1.19.0/STM32CubeIDE/plugins/com.st.stm32cube.ide.mcu.externaltools.gnu-tools-for-stm32.13.3.rel1.win32_1.0.0.202411081344/tools/bin/../lib/gcc/arm-none-eabi/13.3.1/thumb/v7e-m+fp/hard\libgcc.a

.debug_info     0x00000000     0xfd01
 .debug_info    0x00000000      0x4bc ./Core/Src/gpio.o
 .debug_info    0x000004bc      0x391 ./Core/Src/main.o
 .debug_info    0x0000084d      0x856 ./Core/Src/motor.o
 .debug_info    0x000010a3      0x301 ./Core/Src/stm32l4xx_hal_msp.o
 .debug_info    0x000013a4      0x157 ./Core/Src/stm32l4xx_it.o
 .debug_info    0x000014fb      0x5e2 ./Core/Src/system_stm32l4xx.o
 .debug_info    0x00001add      0xcb5 ./Core/Src/tim.o
 .debug_info    0x00002792      0x4e6 ./Core/Src/ultrasonic.o
 .debug_info    0x00002c78      0xd0d ./Core/Src/usart.o
 .debug_info    0x00003985       0x30 ./Core/Startup/startup_stm32l476rgtx.o
 .debug_info    0x000039b5      0xc4d ./Drivers/STM32L4xx_HAL_Driver/Src/stm32l4xx_hal.o
 .debug_info    0x00004602      0xdad ./Drivers/STM32L4xx_HAL_Driver/Src/stm32l4xx_hal_cortex.o
 .debug_info    0x000053af      0x79f ./Drivers/STM32L4xx_HAL_Driver/Src/stm32l4xx_hal_gpio.o
 .debug_info    0x00005b4e      0x9ca ./Drivers/STM32L4xx_HAL_Driver/Src/stm32l4xx_hal_pwr_ex.o
 .debug_info    0x00006518      0xc45 ./Drivers/STM32L4xx_HAL_Driver/Src/stm32l4xx_hal_rcc.o
 .debug_info    0x0000715d      0xe58 ./Drivers/STM32L4xx_HAL_Driver/Src/stm32l4xx_hal_rcc_ex.o
 .debug_info    0x00007fb5     0x2ade ./Drivers/STM32L4xx_HAL_Driver/Src/stm32l4xx_hal_tim.o
 .debug_info    0x0000aa93     0x16e0 ./Drivers/STM32L4xx_HAL_Driver/Src/stm32l4xx_hal_tim_ex.o
 .debug_info    0x0000c173     0x3b8e ./Drivers/STM32L4xx_HAL_Driver/Src/stm32l4xx_hal_uart.o

.debug_abbrev   0x00000000     0x23df
 .debug_abbrev  0x00000000      0x158 ./Core/Src/gpio.o
 .debug_abbrev  0x00000158      0x1a7 ./Core/Src/main.o
 .debug_abbrev  0x000002ff      0x1da ./Core/Src/motor.o
 .debug_abbrev  0x000004d9       0xdd ./Core/Src/stm32l4xx_hal_msp.o
 .debug_abbrev  0x000005b6       0xac ./Core/Src/stm32l4xx_it.o
 .debug_abbrev  0x00000662      0x117 ./Core/Src/system_stm32l4xx.o
 .debug_abbrev  0x00000779      0x229 ./Core/Src/tim.o
 .debug_abbrev  0x000009a2      0x17b ./Core/Src/ultrasonic.o
 .debug_abbrev  0x00000b1d      0x1f4 ./Core/Src/usart.o
 .debug_abbrev  0x00000d11       0x24 ./Core/Startup/startup_stm32l476rgtx.o
 .debug_abbrev  0x00000d35      0x243 ./Drivers/STM32L4xx_HAL_Driver/Src/stm32l4xx_hal.o
 .debug_abbrev  0x00000f78      0x31c ./Drivers/STM32L4xx_HAL_Driver/Src/stm32l4xx_hal_cortex.o
 .debug_abbrev  0x00001294      0x1d1 ./Drivers/STM32L4xx_HAL_Driver/Src/stm32l4xx_hal_gpio.o
 .debug_abbrev  0x00001465      0x1f9 ./Drivers/STM32L4xx_HAL_Driver/Src/stm32l4xx_hal_pwr_ex.o
 .debug_abbrev  0x0000165e      0x2dc ./Drivers/STM32L4xx_HAL_Driver/Src/stm32l4xx_hal_rcc.o
 .debug_abbrev  0x0000193a      0x2a5 ./Drivers/STM32L4xx_HAL_Driver/Src/stm32l4xx_hal_rcc_ex.o
 .debug_abbrev  0x00001bdf      0x289 ./Drivers/STM32L4xx_HAL_Driver/Src/stm32l4xx_hal_tim.o
 .debug_abbrev  0x00001e68      0x284 ./Drivers/STM32L4xx_HAL_Driver/Src/stm32l4xx_hal_tim_ex.o
 .debug_abbrev  0x000020ec      0x2f3 ./Drivers/STM32L4xx_HAL_Driver/Src/stm32l4xx_hal_uart.o

.debug_aranges  0x00000000      0xed8
 .debug_aranges
                0x00000000       0x20 ./Core/Src/gpio.o
 .debug_aranges
                0x00000020       0x30 ./Core/Src/main.o
 .debug_aranges
                0x00000050       0x30 ./Core/Src/motor.o
 .debug_aranges
                0x00000080       0x20 ./Core/Src/stm32l4xx_hal_msp.o
 .debug_aranges
                0x000000a0       0x60 ./Core/Src/stm32l4xx_it.o
 .debug_aranges
                0x00000100       0x28 ./Core/Src/system_stm32l4xx.o
 .debug_aranges
                0x00000128       0x40 ./Core/Src/tim.o
 .debug_aranges
                0x00000168       0x30 ./Core/Src/ultrasonic.o
 .debug_aranges
                0x00000198       0x30 ./Core/Src/usart.o
 .debug_aranges
                0x000001c8       0x28 ./Core/Startup/startup_stm32l476rgtx.o
 .debug_aranges
                0x000001f0      0x130 ./Drivers/STM32L4xx_HAL_Driver/Src/stm32l4xx_hal.o
 .debug_aranges
                0x00000320      0x128 ./Drivers/STM32L4xx_HAL_Driver/Src/stm32l4xx_hal_cortex.o
 .debug_aranges
                0x00000448       0x58 ./Drivers/STM32L4xx_HAL_Driver/Src/stm32l4xx_hal_gpio.o
 .debug_aranges
                0x000004a0      0x160 ./Drivers/STM32L4xx_HAL_Driver/Src/stm32l4xx_hal_pwr_ex.o
 .debug_aranges
                0x00000600       0x90 ./Drivers/STM32L4xx_HAL_Driver/Src/stm32l4xx_hal_rcc.o
 .debug_aranges
                0x00000690       0xc0 ./Drivers/STM32L4xx_HAL_Driver/Src/stm32l4xx_hal_rcc_ex.o
 .debug_aranges
                0x00000750      0x3e0 ./Drivers/STM32L4xx_HAL_Driver/Src/stm32l4xx_hal_tim.o
 .debug_aranges
                0x00000b30      0x180 ./Drivers/STM32L4xx_HAL_Driver/Src/stm32l4xx_hal_tim_ex.o
 .debug_aranges
                0x00000cb0      0x228 ./Drivers/STM32L4xx_HAL_Driver/Src/stm32l4xx_hal_uart.o

.debug_rnglists
                0x00000000      0xb8d
 .debug_rnglists
                0x00000000       0x14 ./Core/Src/gpio.o
 .debug_rnglists
                0x00000014       0x20 ./Core/Src/main.o
 .debug_rnglists
                0x00000034       0x20 ./Core/Src/motor.o
 .debug_rnglists
                0x00000054       0x13 ./Core/Src/stm32l4xx_hal_msp.o
 .debug_rnglists
                0x00000067       0x43 ./Core/Src/stm32l4xx_it.o
 .debug_rnglists
                0x000000aa       0x1a ./Core/Src/system_stm32l4xx.o
 .debug_rnglists
                0x000000c4       0x2e ./Core/Src/tim.o
 .debug_rnglists
                0x000000f2       0x20 ./Core/Src/ultrasonic.o
 .debug_rnglists
                0x00000112       0x20 ./Core/Src/usart.o
 .debug_rnglists
                0x00000132       0x19 ./Core/Startup/startup_stm32l476rgtx.o
 .debug_rnglists
                0x0000014b       0xdf ./Drivers/STM32L4xx_HAL_Driver/Src/stm32l4xx_hal.o
 .debug_rnglists
                0x0000022a       0xda ./Drivers/STM32L4xx_HAL_Driver/Src/stm32l4xx_hal_cortex.o
 .debug_rnglists
                0x00000304       0x3f ./Drivers/STM32L4xx_HAL_Driver/Src/stm32l4xx_hal_gpio.o
 .debug_rnglists
                0x00000343      0x109 ./Drivers/STM32L4xx_HAL_Driver/Src/stm32l4xx_hal_pwr_ex.o
 .debug_rnglists
                0x0000044c       0x6d ./Drivers/STM32L4xx_HAL_Driver/Src/stm32l4xx_hal_rcc.o
 .debug_rnglists
                0x000004b9       0x95 ./Drivers/STM32L4xx_HAL_Driver/Src/stm32l4xx_hal_rcc_ex.o
 .debug_rnglists
                0x0000054e      0x32c ./Drivers/STM32L4xx_HAL_Driver/Src/stm32l4xx_hal_tim.o
 .debug_rnglists
                0x0000087a      0x139 ./Drivers/STM32L4xx_HAL_Driver/Src/stm32l4xx_hal_tim_ex.o
 .debug_rnglists
                0x000009b3      0x1da ./Drivers/STM32L4xx_HAL_Driver/Src/stm32l4xx_hal_uart.o

.debug_macro    0x00000000    0x26ab0
 .debug_macro   0x00000000      0x1e8 ./Core/Src/gpio.o
 .debug_macro   0x000001e8      0xad8 ./Core/Src/gpio.o
 .debug_macro   0x00000cc0      0x1a7 ./Core/Src/gpio.o
 .debug_macro   0x00000e67       0x2e ./Core/Src/gpio.o
 .debug_macro   0x00000e95       0x28 ./Core/Src/gpio.o
 .debug_macro   0x00000ebd       0x22 ./Core/Src/gpio.o
 .debug_macro   0x00000edf       0x8e ./Core/Src/gpio.o
 .debug_macro   0x00000f6d       0x51 ./Core/Src/gpio.o
 .debug_macro   0x00000fbe      0x103 ./Core/Src/gpio.o
 .debug_macro   0x000010c1       0x6a ./Core/Src/gpio.o
 .debug_macro   0x0000112b      0x1df ./Core/Src/gpio.o
 .debug_macro   0x0000130a       0x1c ./Core/Src/gpio.o
 .debug_macro   0x00001326       0x22 ./Core/Src/gpio.o
 .debug_macro   0x00001348       0xfb ./Core/Src/gpio.o
 .debug_macro   0x00001443     0x1011 ./Core/Src/gpio.o
 .debug_macro   0x00002454      0x11f ./Core/Src/gpio.o
 .debug_macro   0x00002573    0x1a192 ./Core/Src/gpio.o
 .debug_macro   0x0001c705       0x6d ./Core/Src/gpio.o
 .debug_macro   0x0001c772     0x38fb ./Core/Src/gpio.o
 .debug_macro   0x0002006d      0x190 ./Core/Src/gpio.o
 .debug_macro   0x000201fd       0x5c ./Core/Src/gpio.o
 .debug_macro   0x00020259     0x159e ./Core/Src/gpio.o
 .debug_macro   0x000217f7      0x5a5 ./Core/Src/gpio.o
 .debug_macro   0x00021d9c      0x1b9 ./Core/Src/gpio.o
 .debug_macro   0x00021f55      0x18b ./Core/Src/gpio.o
 .debug_macro   0x000220e0      0x2c4 ./Core/Src/gpio.o
 .debug_macro   0x000223a4      0x27a ./Core/Src/gpio.o
 .debug_macro   0x0002261e      0x23d ./Core/Src/gpio.o
 .debug_macro   0x0002285b      0x241 ./Core/Src/gpio.o
 .debug_macro   0x00022a9c      0x37c ./Core/Src/gpio.o
 .debug_macro   0x00022e18       0xd6 ./Core/Src/gpio.o
 .debug_macro   0x00022eee      0x122 ./Core/Src/gpio.o
 .debug_macro   0x00023010      0x3ef ./Core/Src/gpio.o
 .debug_macro   0x000233ff      0xa98 ./Core/Src/gpio.o
 .debug_macro   0x00023e97      0x1e6 ./Core/Src/gpio.o
 .debug_macro   0x0002407d      0x5cf ./Core/Src/gpio.o
 .debug_macro   0x0002464c       0x44 ./Core/Src/gpio.o
 .debug_macro   0x00024690      0x330 ./Core/Src/gpio.o
 .debug_macro   0x000249c0       0x4c ./Core/Src/gpio.o
 .debug_macro   0x00024a0c      0x214 ./Core/Src/main.o
 .debug_macro   0x00024c20      0x1ee ./Core/Src/motor.o
 .debug_macro   0x00024e0e      0x1de ./Core/Src/stm32l4xx_hal_msp.o
 .debug_macro   0x00024fec      0x1e8 ./Core/Src/stm32l4xx_it.o
 .debug_macro   0x000251d4      0x1cf ./Core/Src/system_stm32l4xx.o
 .debug_macro   0x000253a3      0x1e8 ./Core/Src/tim.o
 .debug_macro   0x0002558b      0x1d9 ./Core/Src/ultrasonic.o
 .debug_macro   0x00025764      0x1e8 ./Core/Src/usart.o
 .debug_macro   0x0002594c      0x21d ./Drivers/STM32L4xx_HAL_Driver/Src/stm32l4xx_hal.o
 .debug_macro   0x00025b69      0x1cf ./Drivers/STM32L4xx_HAL_Driver/Src/stm32l4xx_hal_cortex.o
 .debug_macro   0x00025d38      0x1d6 ./Drivers/STM32L4xx_HAL_Driver/Src/stm32l4xx_hal_gpio.o
 .debug_macro   0x00025f0e      0x1f3 ./Drivers/STM32L4xx_HAL_Driver/Src/stm32l4xx_hal_pwr_ex.o
 .debug_macro   0x00026101      0x211 ./Drivers/STM32L4xx_HAL_Driver/Src/stm32l4xx_hal_rcc.o
 .debug_macro   0x00026312      0x205 ./Drivers/STM32L4xx_HAL_Driver/Src/stm32l4xx_hal_rcc_ex.o
 .debug_macro   0x00026517      0x1d0 ./Drivers/STM32L4xx_HAL_Driver/Src/stm32l4xx_hal_tim.o
 .debug_macro   0x000266e7      0x1cf ./Drivers/STM32L4xx_HAL_Driver/Src/stm32l4xx_hal_tim_ex.o
 .debug_macro   0x000268b6      0x1fa ./Drivers/STM32L4xx_HAL_Driver/Src/stm32l4xx_hal_uart.o

.debug_line     0x00000000    0x12c84
 .debug_line    0x00000000      0x7f4 ./Core/Src/gpio.o
 .debug_line    0x000007f4      0x86d ./Core/Src/main.o
 .debug_line    0x00001061      0x7f7 ./Core/Src/motor.o
 .debug_line    0x00001858      0x79e ./Core/Src/stm32l4xx_hal_msp.o
 .debug_line    0x00001ff6      0x84d ./Core/Src/stm32l4xx_it.o
 .debug_line    0x00002843      0x83c ./Core/Src/system_stm32l4xx.o
 .debug_line    0x0000307f      0x8f5 ./Core/Src/tim.o
 .debug_line    0x00003974      0x88c ./Core/Src/ultrasonic.o
 .debug_line    0x00004200      0x828 ./Core/Src/usart.o
 .debug_line    0x00004a28       0x7a ./Core/Startup/startup_stm32l476rgtx.o
 .debug_line    0x00004aa2      0xba5 ./Drivers/STM32L4xx_HAL_Driver/Src/stm32l4xx_hal.o
 .debug_line    0x00005647      0xd3f ./Drivers/STM32L4xx_HAL_Driver/Src/stm32l4xx_hal_cortex.o
 .debug_line    0x00006386      0xbf8 ./Drivers/STM32L4xx_HAL_Driver/Src/stm32l4xx_hal_gpio.o
 .debug_line    0x00006f7e      0xd86 ./Drivers/STM32L4xx_HAL_Driver/Src/stm32l4xx_hal_pwr_ex.o
 .debug_line    0x00007d04     0x10f9 ./Drivers/STM32L4xx_HAL_Driver/Src/stm32l4xx_hal_rcc.o
 .debug_line    0x00008dfd     0x15c7 ./Drivers/STM32L4xx_HAL_Driver/Src/stm32l4xx_hal_rcc_ex.o
 .debug_line    0x0000a3c4     0x3f08 ./Drivers/STM32L4xx_HAL_Driver/Src/stm32l4xx_hal_tim.o
 .debug_line    0x0000e2cc     0x1be1 ./Drivers/STM32L4xx_HAL_Driver/Src/stm32l4xx_hal_tim_ex.o
 .debug_line    0x0000fead     0x2dd7 ./Drivers/STM32L4xx_HAL_Driver/Src/stm32l4xx_hal_uart.o

.debug_str      0x00000000    0xf062c
 .debug_str     0x00000000    0xf062c ./Core/Src/gpio.o
                              0xebf75 (size before relaxing)
 .debug_str     0x000f062c    0xec007 ./Core/Src/main.o
 .debug_str     0x000f062c    0xec35e ./Core/Src/motor.o
 .debug_str     0x000f062c    0xebea5 ./Core/Src/stm32l4xx_hal_msp.o
 .debug_str     0x000f062c    0xebdde ./Core/Src/stm32l4xx_it.o
 .debug_str     0x000f062c    0xebe5b ./Core/Src/system_stm32l4xx.o
 .debug_str     0x000f062c    0xec5fa ./Core/Src/tim.o
 .debug_str     0x000f062c    0xebe67 ./Core/Src/ultrasonic.o
 .debug_str     0x000f062c    0xec68d ./Core/Src/usart.o
 .debug_str     0x000f062c       0xc9 ./Core/Startup/startup_stm32l476rgtx.o
 .debug_str     0x000f062c    0xeca6f ./Drivers/STM32L4xx_HAL_Driver/Src/stm32l4xx_hal.o
 .debug_str     0x000f062c    0xec6d4 ./Drivers/STM32L4xx_HAL_Driver/Src/stm32l4xx_hal_cortex.o
 .debug_str     0x000f062c    0xebfe6 ./Drivers/STM32L4xx_HAL_Driver/Src/stm32l4xx_hal_gpio.o
 .debug_str     0x000f062c    0xec3b6 ./Drivers/STM32L4xx_HAL_Driver/Src/stm32l4xx_hal_pwr_ex.o
 .debug_str     0x000f062c    0xec4a1 ./Drivers/STM32L4xx_HAL_Driver/Src/stm32l4xx_hal_rcc.o
 .debug_str     0x000f062c    0xec62c ./Drivers/STM32L4xx_HAL_Driver/Src/stm32l4xx_hal_rcc_ex.o
 .debug_str     0x000f062c    0xed1ad ./Drivers/STM32L4xx_HAL_Driver/Src/stm32l4xx_hal_tim.o
 .debug_str     0x000f062c    0xecac1 ./Drivers/STM32L4xx_HAL_Driver/Src/stm32l4xx_hal_tim_ex.o
 .debug_str     0x000f062c    0xecbb3 ./Drivers/STM32L4xx_HAL_Driver/Src/stm32l4xx_hal_uart.o

.comment        0x00000000       0x43
 .comment       0x00000000       0x43 ./Core/Src/gpio.o
                                 0x44 (size before relaxing)
 .comment       0x00000043       0x44 ./Core/Src/main.o
 .comment       0x00000043       0x44 ./Core/Src/motor.o
 .comment       0x00000043       0x44 ./Core/Src/stm32l4xx_hal_msp.o
 .comment       0x00000043       0x44 ./Core/Src/stm32l4xx_it.o
 .comment       0x00000043       0x44 ./Core/Src/system_stm32l4xx.o
 .comment       0x00000043       0x44 ./Core/Src/tim.o
 .comment       0x00000043       0x44 ./Core/Src/ultrasonic.o
 .comment       0x00000043       0x44 ./Core/Src/usart.o
 .comment       0x00000043       0x44 ./Drivers/STM32L4xx_HAL_Driver/Src/stm32l4xx_hal.o
 .comment       0x00000043       0x44 ./Drivers/STM32L4xx_HAL_Driver/Src/stm32l4xx_hal_cortex.o
 .comment       0x00000043       0x44 ./Drivers/STM32L4xx_HAL_Driver/Src/stm32l4xx_hal_gpio.o
 .comment       0x00000043       0x44 ./Drivers/STM32L4xx_HAL_Driver/Src/stm32l4xx_hal_pwr_ex.o
 .comment       0x00000043       0x44 ./Drivers/STM32L4xx_HAL_Driver/Src/stm32l4xx_hal_rcc.o
 .comment       0x00000043       0x44 ./Drivers/STM32L4xx_HAL_Driver/Src/stm32l4xx_hal_rcc_ex.o
 .comment       0x00000043       0x44 ./Drivers/STM32L4xx_HAL_Driver/Src/stm32l4xx_hal_tim.o
 .comment       0x00000043       0x44 ./Drivers/STM32L4xx_HAL_Driver/Src/stm32l4xx_hal_tim_ex.o
 .comment       0x00000043       0x44 ./Drivers/STM32L4xx_HAL_Driver/Src/stm32l4xx_hal_uart.o

.debug_frame    0x00000000     0x3d40
 .debug_frame   0x00000000       0x34 ./Core/Src/gpio.o
 .debug_frame   0x00000034       0x6c ./Core/Src/main.o
 .debug_frame   0x000000a0       0x70 ./Core/Src/motor.o
 .debug_frame   0x00000110       0x38 ./Core/Src/stm32l4xx_hal_msp.o
 .debug_frame   0x00000148      0x104 ./Core/Src/stm32l4xx_it.o
 .debug_frame   0x0000024c       0x58 ./Core/Src/system_stm32l4xx.o
 .debug_frame   0x000002a4       0xcc ./Core/Src/tim.o
 .debug_frame   0x00000370       0x84 ./Core/Src/ultrasonic.o
 .debug_frame   0x000003f4       0x78 ./Core/Src/usart.o
 .debug_frame   0x0000046c      0x498 ./Drivers/STM32L4xx_HAL_Driver/Src/stm32l4xx_hal.o
 .debug_frame   0x00000904      0x4e8 ./Drivers/STM32L4xx_HAL_Driver/Src/stm32l4xx_hal_cortex.o
 .debug_frame   0x00000dec      0x14c ./Drivers/STM32L4xx_HAL_Driver/Src/stm32l4xx_hal_gpio.o
 .debug_frame   0x00000f38      0x584 ./Drivers/STM32L4xx_HAL_Driver/Src/stm32l4xx_hal_pwr_ex.o
 .debug_frame   0x000014bc      0x21c ./Drivers/STM32L4xx_HAL_Driver/Src/stm32l4xx_hal_rcc.o
 .debug_frame   0x000016d8      0x2fc ./Drivers/STM32L4xx_HAL_Driver/Src/stm32l4xx_hal_rcc_ex.o
 .debug_frame   0x000019d4     0x121c ./Drivers/STM32L4xx_HAL_Driver/Src/stm32l4xx_hal_tim.o
 .debug_frame   0x00002bf0      0x6b0 ./Drivers/STM32L4xx_HAL_Driver/Src/stm32l4xx_hal_tim_ex.o
 .debug_frame   0x000032a0      0x9f4 ./Drivers/STM32L4xx_HAL_Driver/Src/stm32l4xx_hal_uart.o
 .debug_frame   0x00003c94       0x20 D:/05_Desarrollo_y_Codigo/03_Recursos_y_Config/CubeIDESTM32/STM32CubeIDE_1.19.0/STM32CubeIDE/plugins/com.st.stm32cube.ide.mcu.externaltools.gnu-tools-for-stm32.13.3.rel1.win32_1.0.0.202411081344/tools/bin/../lib/gcc/arm-none-eabi/13.3.1/../../../../arm-none-eabi/lib/thumb/v7e-m+fp/hard\libc_nano.a(libc_a-memset.o)
 .debug_frame   0x00003cb4       0x2c D:/05_Desarrollo_y_Codigo/03_Recursos_y_Config/CubeIDESTM32/STM32CubeIDE_1.19.0/STM32CubeIDE/plugins/com.st.stm32cube.ide.mcu.externaltools.gnu-tools-for-stm32.13.3.rel1.win32_1.0.0.202411081344/tools/bin/../lib/gcc/arm-none-eabi/13.3.1/../../../../arm-none-eabi/lib/thumb/v7e-m+fp/hard\libc_nano.a(libc_a-init.o)
 .debug_frame   0x00003ce0       0x2c D:/05_Desarrollo_y_Codigo/03_Recursos_y_Config/CubeIDESTM32/STM32CubeIDE_1.19.0/STM32CubeIDE/plugins/com.st.stm32cube.ide.mcu.externaltools.gnu-tools-for-stm32.13.3.rel1.win32_1.0.0.202411081344/tools/bin/../lib/gcc/arm-none-eabi/13.3.1/thumb/v7e-m+fp/hard\libgcc.a(_aeabi_uldivmod.o)
 .debug_frame   0x00003d0c       0x34 D:/05_Desarrollo_y_Codigo/03_Recursos_y_Config/CubeIDESTM32/STM32CubeIDE_1.19.0/STM32CubeIDE/plugins/com.st.stm32cube.ide.mcu.externaltools.gnu-tools-for-stm32.13.3.rel1.win32_1.0.0.202411081344/tools/bin/../lib/gcc/arm-none-eabi/13.3.1/thumb/v7e-m+fp/hard\libgcc.a(_udivmoddi4.o)

.debug_line_str
                0x00000000       0xad
 .debug_line_str
                0x00000000       0xad ./Core/Startup/startup_stm32l476rgtx.o
