13:03:26 **** Incremental Build of configuration Debug for project run_test ****
make -j12 all 
arm-none-eabi-gcc "../Core/Src/main.c" -mcpu=cortex-m4 -std=gnu11 -g3 -DDEBUG -DUSE_HAL_DRIVER -DSTM32L476xx -c -I../Core/Inc -I../Drivers/STM32L4xx_HAL_Driver/Inc -I../Drivers/STM32L4xx_HAL_Driver/Inc/Legacy -I../Drivers/CMSIS/Device/ST/STM32L4xx/Include -I../Drivers/CMSIS/Include -O0 -ffunction-sections -fdata-sections -Wall -fstack-usage -fcyclomatic-complexity -MMD -MP -MF"Core/Src/main.d" -MT"Core/Src/main.o" --specs=nano.specs -mfpu=fpv4-sp-d16 -mfloat-abi=hard -mthumb -o "Core/Src/main.o"
arm-none-eabi-gcc -o "run_test.elf" @"objects.list"   -mcpu=cortex-m4 -T"C:\Users\jaloz\OneDrive\Documentos\Personal_VivoBook\Maestria_SME\04_Cursos\Semestre2\Realisation\TP\alphabot\run_test\STM32L476RGTX_FLASH.ld" --specs=nosys.specs -Wl,-Map="run_test.map" -Wl,--gc-sections -static --specs=nano.specs -mfpu=fpv4-sp-d16 -mfloat-abi=hard -mthumb -Wl,--start-group -lc -lm -Wl,--end-group
Finished building target: run_test.elf
 
arm-none-eabi-size  run_test.elf 
arm-none-eabi-objdump -h -S run_test.elf  > "run_test.list"
   text	   data	    bss	    dec	    hex	filename
  17480	     28	   1860	  19368	   4ba8	run_test.elf
Finished building: default.size.stdout
 
Finished building: run_test.list
 

13:03:29 Build Finished. 0 errors, 0 warnings. (took 2s.627ms)

