#
# A fatal error has been detected by the Java Runtime Environment:
#
#  EXCEPTION_IN_PAGE_ERROR (0xc0000006) at pc=0x00007ffc42bca2ca, pid=16872, tid=28192
#
# JRE version:  ((uninitialized)) (build )
# Java VM: OpenJDK 64-Bit Server VM (21.0.3+9-LTS, mixed mode, sharing, tiered, compressed class ptrs, unknown gc, windows-amd64)
# Problematic frame:
# V  [jvm.dll+0x6ba2ca]
#
# No core dump will be written. Minidumps are not enabled by default on client versions of Windows
#
#

---------------  S U M M A R Y ------------

Command Line: 

Host: 13th Gen Intel(R) Core(TM) i5-13420H, 12 cores, 15G,  Windows 11 , 64 bit Build 26100 (10.0.26100.7705)
Time: Fri Feb 20 11:03:04 2026 Romance Standard Time elapsed time: 0.119857 seconds (0d 0h 0m 0s)

---------------  T H R E A D  ---------------

Current thread is native thread

Stack: [0x0000006109c00000,0x0000006109d00000],  sp=0x0000006109cfefc0,  free space=1019k
Native frames: (J=compiled Java code, j=interpreted, Vv=VM code, C=native code)
V  [jvm.dll+0x6ba2ca]
V  [jvm.dll+0x6bc394]
V  [jvm.dll+0x6c2e32]
V  [jvm.dll+0x854130]
V  [jvm.dll+0x44c55e]
V  [jvm.dll+0x44e081]
C  [eclipse_11904.dll+0x74c2]
C  [eclipse_11904.dll+0x42ea]
C  [stm32cubeide.exe+0x1fd9]
C  [stm32cubeide.exe+0x3cb4]
C  [KERNEL32.DLL+0x2e8d7]
C  [ntdll.dll+0x8c40c]


siginfo: EXCEPTION_IN_PAGE_ERROR (0xc0000006), reading address 0x00007ffc42f87000


Registers:
RAX=0x00000000000000a0, RBX=0x00007ffc42f86ff8, RCX=0x00007ffc42f86ff8, RDX=0x000001a07b3e6400
RSP=0x0000006109cfefc0, RBP=0x000000000000005c, RSI=0x000001a07b3e6400, RDI=0x000000000000009a
R8 =0x000000000000009a, R9 =0x000000000000005c, R10=0x0000000000000065, R11=0x00007ffc42f86fff
R12=0x000001a07b3d8690, R13=0x000001a07b3e5f10, R14=0x000000000000005c, R15=0x000000000000003b
RIP=0x00007ffc42bca2ca, EFLAGS=0x0000000000010202


Top of Stack: (sp=0x0000006109cfefc0)
0x0000006109cfefc0:   00007ffcb945de58 0000006100000000
0x0000006109cfefd0:   000076250d85a963 000001a07b3d8690
0x0000006109cfefe0:   00007ffc42f86ff5 00007ffc42bcc394
0x0000006109cfeff0:   000000000000009a 000001a07b3e6350
0x0000006109cff000:   000001a07b3e6400 000001a07b3e6400
0x0000006109cff010:   000001a07b3e633b 000000000000000b
0x0000006109cff020:   000001a07b3e6350 00007ffcd7c0e0fb
0x0000006109cff030:   000001a07b3b0000 0000000000000000
0x0000006109cff040:   000001a07b3fe770 000000000208015a
0x0000006109cff050:   000076250d85a913 00007ffc42bca3cc
0x0000006109cff060:   00007ffcb945de58 0000006109cff7f8
0x0000006109cff070:   000001a07b3e6350 000000000000000b
0x0000006109cff080:   0000006109cff190 00007ffc42bd2e32
0x0000006109cff090:   ffffffffffffffff 000000000000000b
0x0000006109cff0a0:   ffffffffffffffff 0000006109cff860
0x0000006109cff0b0:   0000000000000000 0000000000000000
0x0000006109cff0c0:   0000000000000000 00007ffcda06fcc2
0x0000006109cff0d0:   65445f35305c3a44 6f6c6c6f72726173
0x0000006109cff0e0:   6769646f435f795f 6365525f33305c6f
0x0000006109cff0f0:   5f795f736f737275 435c6769666e6f43
0x0000006109cff100:   5453454449656275 334d54535c32334d
0x0000006109cff110:   4544496562754332 5c302e39312e315f
0x0000006109cff120:   62754332334d5453 756c705c45444965
0x0000006109cff130:   6d6f635c736e6967 336d74732e74732e
0x0000006109cff140:   64692e6562756332 69772e65726a2e65
0x0000006109cff150:   2e342e335f34366e 3930343230322e30
0x0000006109cff160:   6a5c353539303631 73006e6962006572
0x0000006109cff170:   766a007265767265 119b006c6c642e6d
0x0000006109cff180:   00000000ffffffff 0000000b00000000
0x0000006109cff190:   000001a07b281140 000001a07b2802a8
0x0000006109cff1a0:   0000000000000000 0000000000000000
0x0000006109cff1b0:   0000000000000000 0000000000000020 

Instructions: (pc=0x00007ffc42bca2ca)
