20:56:31 **** Incremental Build of configuration Debug for project projet3 ****
make -j12 all 
arm-none-eabi-gcc "../Core/Src/pcf8574.c" -mcpu=cortex-m4 -std=gnu11 -g3 -DDEBUG -DUSE_HAL_DRIVER -DSTM32L476xx -c -I../Core/Inc -I../Drivers/STM32L4xx_HAL_Driver/Inc -I../Drivers/STM32L4xx_HAL_Driver/Inc/Legacy -I../Drivers/CMSIS/Device/ST/STM32L4xx/Include -I../Drivers/CMSIS/Include -O0 -ffunction-sections -fdata-sections -Wall -fstack-usage -fcyclomatic-complexity -MMD -MP -MF"Core/Src/pcf8574.d" -MT"Core/Src/pcf8574.o" --specs=nano.specs -mfpu=fpv4-sp-d16 -mfloat-abi=hard -mthumb -o "Core/Src/pcf8574.o"
arm-none-eabi-gcc -o "projet3.elf" @"objects.list"   -mcpu=cortex-m4 -T"C:\Users\jaloz\OneDrive\Documentos\Personal_VivoBook\Maestria_SME\04_Cursos\Semestre2\Realisation\TP\AlphaBot2\projet3\projet3\STM32L476RGTX_FLASH.ld" --specs=nosys.specs -Wl,-Map="projet3.map" -Wl,--gc-sections -static --specs=nano.specs -mfpu=fpv4-sp-d16 -mfloat-abi=hard -mthumb -Wl,--start-group -lc -lm -Wl,--end-group
Finished building target: projet3.elf
 
arm-none-eabi-size  projet3.elf 
arm-none-eabi-objdump -h -S projet3.elf  > "projet3.list"
   text	   data	    bss	    dec	    hex	filename
  25000	     32	   2216	  27248	   6a70	projet3.elf
Finished building: default.size.stdout
 
Finished building: projet3.list
 

20:56:33 Build Finished. 0 errors, 0 warnings. (took 1s.361ms)

